Command: /home/gabri/.espressif/python_env/idf5.5_py3.11_env/bin/python /home/gabri/PROGRAMMING/esp-idf/tools/idf_monitor.py -p /dev/ttyUSB0 -b 115200 --toolchain-prefix xtensa-esp32-elf- --target esp32 --revision 0 /home/gabri/PROGRAMMING/esp-idf/PROJ/PROVE-ESPOSIMETRO-MIO/build/PROVE-ESPOSIMETRO-MIO.elf /home/gabri/PROGRAMMING/esp-idf/PROJ/PROVE-ESPOSIMETRO-MIO/build/bootloader/bootloader.elf -m '/home/gabri/.espressif/python_env/idf5.5_py3.11_env/bin/python' '/home/gabri/PROGRAMMING/esp-idf/tools/idf.py'
xï¿½ï¿½ï¿½ï¿½bbï¿½ï¿½ï¿½6368
load:0x40078000,len:15880
load:0x40080400,len:3860
entry 0x40080638
ets Jul 29 2019 12:21:46

rst:0x1 (POWERON_RESET),boot:0x13 (SPI_FAST_FLASH_BOOT)
configsip: 0, SPIWP:0xee
clk_drv:0x00,q_drv:0x00,d_drv:0x00,cs0_drv:0x00,hd_drv:0x00,wp_drv:0x00
mode:DIO, clock div:2
load:0x3fff0030,len:6368
load:0x40078000,len:15880
load:0x40080400,len:3860
entry 0x40080638
[0;32mI (27) boot: ESP-IDF v5.5-dev-2182-ga6c3a9cbbb-dirty 2nd stage bootloader[0m
[0;32mI (27) boot: compile time Apr  7 2025 00:07:11[0m
[0;32mI (28) boot: Multicore bootloader[0m
[0;32mI (31) boot: chip revision: v3.1[0m
[0;32mI (34) boot.esp32: SPI Speed      : 40MHz[0m
[0;32mI (37) boot.esp32: SPI Mode       : DIO[0m
[0;32mI (41) boot.esp32: SPI Flash Size : 2MB[0m
[0;32mI (45) boot: Enabling RNG early entropy source...[0m
[0;32mI (49) boot: Partition Table:[0m
[0;32mI (52) boot: ## Label            Usage          Type ST Offset   Length[0m
[0;32mI (58) boot:  0 nvs              WiFi data        01 02 00009000 00006000[0m
[0;32mI (65) boot:  1 phy_init         RF data          01 01 0000f000 00001000[0m
[0;32mI (71) boot:  2 factory          factory app      00 00 00010000 00100000[0m
[0;32mI (78) boot: End of partition table[0m
[0;32mI (81) esp_image: segment 0: paddr=00010020 vaddr=3f400020 size=0c7d8h ( 51160) map[0m
[0;32mI (106) esp_image: segment 1: paddr=0001c800 vaddr=3ff80000 size=0001ch (    28) load[0m
[0;32mI (106) esp_image: segment 2: paddr=0001c824 vaddr=3ffb0000 size=02754h ( 10068) load[0m
[0;32mI (114) esp_image: segment 3: paddr=0001ef80 vaddr=40080000 size=01098h (  4248) load[0m
[0;32mI (119) esp_image: segment 4: paddr=00020020 vaddr=400d0020 size=19578h (103800) map[0m
[0;32mI (160) esp_image: segment 5: paddr=000395a0 vaddr=40081098 size=0ca28h ( 51752) load[0m
[0;32mI (187) boot: Loaded app from partition at offset 0x10000[0m
[0;32mI (188) boot: Disabling RNG early entropy source...[0m
[0;32mI (198) cpu_start: Multicore app[0m
[0;32mI (206) cpu_start: Pro cpu start user code[0m
[0;32mI (206) cpu_start: cpu freq: 160000000 Hz[0m
[0;32mI (206) app_init: Application information:[0m
[0;32mI (206) app_init: Project name:     PROVE-ESPOSIMETRO-MIO[0m
[0;32mI (212) app_init: App version:      v5.5-dev-2182-ga6c3a9cbbb-dirty[0m
[0;32mI (218) app_init: Compile time:     Apr  9 2025 17:32:13[0m
[0;32mI (223) app_init: ELF file SHA256:  58d5ae9cd...[0m
[0;32mI (227) app_init: ESP-IDF:          v5.5-dev-2182-ga6c3a9cbbb-dirty[0m
[0;32mI (233) efuse_init: Min chip rev:     v0.0[0m
[0;32mI (237) efuse_init: Max chip rev:     v3.99 [0m
[0;32mI (241) efuse_init: Chip rev:         v3.1[0m
[0;32mI (245) heap_init: Initializing. RAM available for dynamic allocation:[0m
[0;32mI (251) heap_init: At 3FFAE6E0 len 00001920 (6 KiB): DRAM[0m
[0;32mI (256) heap_init: At 3FFB3050 len 0002CFB0 (179 KiB): DRAM[0m
[0;32mI (261) heap_init: At 3FFE0440 len 00003AE0 (14 KiB): D/IRAM[0m
[0;32mI (267) heap_init: At 3FFE4350 len 0001BCB0 (111 KiB): D/IRAM[0m
[0;32mI (272) heap_init: At 4008DAC0 len 00012540 (73 KiB): IRAM[0m
[0;32mI (279) spi_flash: detected chip: generic[0m
[0;32mI (281) spi_flash: flash io: dio[0m
[0;33mW (284) spi_flash: Detected size(4096k) larger than the size in the binary image header(2048k). Using the size in the binary image header.[0m
[1;31mE (296) i2c: CONFLICT! driver_ng is not allowed to be used with this old driver[0m

abort() was called at PC 0x400dbff0 on core 0


Backtrace: 0x40081875:0x3ffe3b30 0x40085ef9:0x3ffe3b50 0x4008bea5:0x3ffe3b70 0x400dbff0:0x3ffe3be0 0x400d1d87:0x3ffe3c00 0x400d1e6e:0x3ffe3c20 0x400813ee:0x3ffe3c40 0x40079776:0x3ffe3c90 |<-CORRUPTED




ELF file SHA256: 58d5ae9cd

Rebooting...
ets Jul 29 2019 12:21:46

rst:0xc (SW_CPU_RESET),boot:0x13 (SPI_FAST_FLASH_BOOT)
configsip: 0, SPIWP:0xee
clk_drv:0x00,q_drv:0x00,d_drv:0x00,cs0_drv:0x00,hd_drv:0x00,wp_drv:0x00
mode:DIO, clock div:2
load:0x3fff0030,len:6368
load:0x40078000,len:15880
load:0x40080400,len:3860
entry 0x40080638
[0;32mI (27) boot: ESP-IDF v5.5-dev-2182-ga6c3a9cbbb-dirty 2nd stage bootloader[0m
[0;32mI (27) boot: compile time Apr  7 2025 00:07:11[0m
[0;32mI (27) boot: Multicore bootloader[0m
[0;32mI (31) boot: chip revision: v3.1[0m
[0;32mI (34) boot.esp32: SPI Speed      : 40MHz[0m
[0;32mI (37) boot.esp32: SPI Mode       : DIO[0m
[0;32mI (41) boot.esp32: SPI Flash Size : 2MB[0m
[0;32mI (45) boot: Enabling RNG early entropy source...[0m
[0;32mI (49) boot: Partition Table:[0m
[0;32mI (52) boot: ## Label            Usage          Type ST Offset   Length[0m
[0;32mI (58) boot:  0 nvs              WiFi data        01 02 00009000 00006000[0m
[0;32mI (64) boot:  1 phy_init         RF data          01 01 0000f000 00001000[0m
[0;32mI (71) boot:  2 factory          factory app      00 00 00010000 00100000[0m
[0;32mI (78) boot: End of partition table[0m
[0;32mI (81) esp_image: segment 0: paddr=00010020 vaddr=3f400020 size=0c7d8h ( 51160) map[0m
[0;32mI (106) esp_image: segment 1: paddr=0001c800 vaddr=3ff80000 size=0001ch (    28) load[0m
[0;32mI (106) esp_image: segment 2: paddr=0001c824 vaddr=3ffb0000 size=02754h ( 10068) load[0m
[0;32mI (113) esp_image: segment 3: paddr=0001ef80 vaddr=40080000 size=01098h (  4248) load[0m
[0;32mI (119) esp_image: segment 4: paddr=00020020 vaddr=400d0020 size=19578h (103800) map[0m
[0;32mI (160) esp_image: segment 5: paddr=000395a0 vaddr=40081098 size=0ca28h ( 51752) load[0m
[0;32mI (187) boot: Loaded app from partition at offset 0x10000[0m
[0;32mI (187) boot: Disabling RNG early entropy source...[0m
[0;32mI (198) cpu_start: Multicore app[0m
[0;32mI (206) cpu_start: Pro cpu start user code[0m
[0;32mI (206) cpu_start: cpu freq: 160000000 Hz[0m
[0;32mI (206) app_init: Application information:[0m
[0;32mI (206) app_init: Project name:     PROVE-ESPOSIMETRO-MIO[0m
[0;32mI (211) app_init: App version:      v5.5-dev-2182-ga6c3a9cbbb-dirty[0m
[0;32mI (217) app_init: Compile time:     Apr  9 2025 17:32:13[0m
[0;32mI (223) app_init: ELF file SHA256:  58d5ae9cd...[0m
[0;32mI (227) app_init: ESP-IDF:          v5.5-dev-2182-ga6c3a9cbbb-dirty[0m
[0;32mI (233) efuse_init: Min chip rev:     v0.0[0m
[0;32mI (237) efuse_init: Max chip rev:     v3.99 [0m
[0;32mI (241) efuse_init: Chip rev:         v3.1[0m
[0;32mI (245) heap_init: Initializing. RAM available for dynamic allocation:[0m
[0;32mI (251) heap_init: At 3FFAE6E0 len 00001920 (6 KiB): DRAM[0m
[0;32mI (256) heap_init: At 3FFB3050 len 0002CFB0 (179 KiB): DRAM[0m
[0;32mI (261) heap_init: At 3FFE0440 len 00003AE0 (14 KiB): D/IRAM[0m
[0;32mI (267) heap_init: At 3FFE4350 len 0001BCB0 (111 KiB): D/IRAM[0m
[0;32mI (272) heap_init: At 4008DAC0 len 00012540 (73 KiB): IRAM[0m
[0;32mI (279) spi_flash: detected chip: generic[0m
[0;32mI (281) spi_flash: flash io: dio[0m
[0;33mW (284) spi_flash: Detected size(4096k) larger than the size in the binary image header(2048k). Using the size in the binary image header.[0m
[1;31mE (296) i2c: CONFLICT! driver_ng is not allowed to be used with this old driver[0m

abort() was called at PC 0x400dbff0 on core 0


Backtrace: 0x40081875:0x3ffe3b30 0x40085ef9:0x3ffe3b50 0x4008bea5:0x3ffe3b70 0x400dbff0:0x3ffe3be0 0x400d1d87:0x3ffe3c00 0x400d1e6e:0x3ffe3c20 0x400813ee:0x3ffe3c40 0x40079776:0x3ffe3c90 |<-CORRUPTED




ELF file SHA256: 58d5ae9cd

Rebooting...
ets Jul 29 2019 12:21:46

rst:0xc (SW_CPU_RESET),boot:0x13 (SPI_FAST_FLASH_BOOT)
configsip: 0, SPIWP:0xee
clk_drv:0x00,q_drv:0x00,d_drv:0x00,cs0_drv:0x00,hd_drv:0x00,wp_drv:0x00
mode:DIO, clock div:2
load:0x3fff0030,len:6368
load:0x40078000,len:15880
load:0x40080400,len:3860
entry 0x40080638
[0;32mI (27) boot: ESP-IDF v5.5-dev-2182-ga6c3a9cbbb-dirty 2nd stage bootloader[0m
[0;32mI (27) boot: compile time Apr  7 2025 00:07:11[0m
[0;32mI (27) boot: Multicore bootloader[0m
[0;32mI (31) boot: chip revision: v3.1[0m
[0;32mI (34) boot.esp32: SPI Speed      : 40MHz[0m
[0;32mI (37) boot.esp32: SPI Mode       : DIO[0m
[0;32mI (41) boot.esp32: SPI Flash Size : 2MB[0m
[0;32mI (45) boot: Enabling RNG early entropy source...[0m
[0;32mI (49) boot: Partition Table:[0m
[0;32mI (52) boot: ## Label            Usage          Type ST Offset   Length[0m
[0;32mI (58) boot:  0 nvs              WiFi data        01 02 00009000 00006000[0m
[0;32mI (64) boot:  1 phy_init         RF data          01 01 0000f000 00001000[0m
[0;32mI (71) boot:  2 factory          factory app      00 00 00010000 00100000[0m
[0;32mI (78) boot: End of partition table[0m
[0;32mI (81) esp_image: segment 0: paddr=00010020 vaddr=3f400020 size=0c7d8h ( 51160) map[0m
[0;32mI (106) esp_image: segment 1: paddr=0001c800 vaddr=3ff80000 size=0001ch (    28) load[0m
[0;32mI (106) esp_image: segment 2: paddr=0001c824 vaddr=3ffb0000 size=02754h ( 10068) load[0m
[0;32mI (113) esp_image: segment 3: paddr=0001ef80 vaddr=40080000 size=01098h (  4248) load[0m
[0;32mI (119) esp_image: segment 4: paddr=00020020 vaddr=400d0020 size=19578h (103800) map[0m
[0;32mI (160) esp_image: segment 5: paddr=000395a0 vaddr=40081098 size=0ca28h ( 51752) load[0m
[0;32mI (187) boot: Loaded app from partition at offset 0x10000[0m
[0;32mI (187) boot: Disabling RNG early entropy source...[0m
[0;32mI (198) cpu_start: Multicore app[0m
[0;32mI (206) cpu_start: Pro cpu start user code[0m
[0;32mI (206) cpu_start: cpu freq: 160000000 Hz[0m
[0;32mI (206) app_init: Application information:[0m
[0;32mI (206) app_init: Project name:     PROVE-ESPOSIMETRO-MIO[0m
[0;32mI (211) app_init: App version:      v5.5-dev-2182-ga6c3a9cbbb-dirty[0m
[0;32mI (217) app_init: Compile time:     Apr  9 2025 17:32:13[0m
[0;32mI (223) app_init: ELF file SHA256:  58d5ae9cd...[0m
[0;32mI (227) app_init: ESP-IDF:          v5.5-dev-2182-ga6c3a9cbbb-dirty[0m
[0;32mI (233) efuse_init: Min chip rev:     v0.0[0m
[0;32mI (237) efuse_init: Max chip rev:     v3.99 [0m
[0;32mI (241) efuse_init: Chip rev:         v3.1[0m
[0;32mI (245) heap_init: Initializing. RAM available for dynamic allocation:[0m
[0;32mI (251) heap_init: At 3FFAE6E0 len 00001920 (6 KiB): DRAM[0m
[0;32mI (256) heap_init: At 3FFB3050 len 0002CFB0 (179 KiB): DRAM[0m
[0;32mI (261) heap_init: At 3FFE0440 len 00003AE0 (14 KiB): D/IRAM[0m
[0;32mI (267) heap_init: At 3FFE4350 len 0001BCB0 (111 KiB): D/IRAM[0m
[0;32mI (272) heap_init: At 4008DAC0 len 00012540 (73 KiB): IRAM[0m
[0;32mI (279) spi_flash: detected chip: generic[0m
[0;32mI (281) spi_flash: flash io: dio[0m
[0;33mW (284) spi_flash: Detected size(4096k) larger than the size in the binary image header(2048k). Using the size in the binary image header.[0m
[1;31mE (296) i2c: CONFLICT! driver_ng is not allowed to be used with this old driver[0m

abort() was called at PC 0x400dbff0 on core 0


Backtrace: 0x40081875:0x3ffe3b30 0x40085ef9:0x3ffe3b50 0x4008bea5:0x3ffe3b70 0x400dbff0:0x3ffe3be0 0x400d1d87:0x3ffe3c00 0x400d1e6e:0x3ffe3c20 0x400813ee:0x3ffe3c40 0x40079776:0x3ffe3c90 |<-CORRUPTED




ELF file SHA256: 58d5ae9cd

Rebooting...
ets Jul 29 2019 12:21:46

rst:0xc (SW_CPU_RESET),boot:0x13 (SPI_FAST_FLASH_BOOT)
configsip: 0, SPIWP:0xee
clk_drv:0x00,q_drv:0x00,d_drv:0x00,cs0_drv:0x00,hd_drv:0x00,wp_drv:0x00
mode:DIO, clock div:2
load:0x3fff0030,len:6368
load:0x40078000,len:15880
load:0x40080400,len:3860
entry 0x40080638
[0;32mI (27) boot: ESP-IDF v5.5-dev-2182-ga6c3a9cbbb-dirty 2nd stage bootloader[0m
[0;32mI (27) boot: compile time Apr  7 2025 00:07:11[0m
[0;32mI (27) boot: Multicore bootloader[0m
[0;32mI (31) boot: chip revision: v3.1[0m
[0;32mI (34) boot.esp32: SPI Speed      : 40MHz[0m
[0;32mI (37) boot.esp32: SPI Mode       : DIO[0m
[0;32mI (41) boot.esp32: SPI Flash Size : 2MB[0m
[0;32mI (45) boot: Enabling RNG early entropy source...[0m
[0;32mI (49) boot: Partition Table:[0m
[0;32mI (52) boot: ## Label            Usage          Type ST Offset   Length[0m
[0;32mI (58) boot:  0 nvs              WiFi data        01 02 00009000 00006000[0m
[0;32mI (64) boot:  1 phy_init         RF data          01 01 0000f000 00001000[0m
[0;32mI (71) boot:  2 factory          factory app      00 00 00010000 00100000[0m
[0;32mI (78) boot: End of partition table[0m
[0;32mI (81) esp_image: segment 0: paddr=00010020 vaddr=3f400020 size=0c7d8h ( 51160) map[0m
[0;32mI (106) esp_image: segment 1: paddr=0001c800 vaddr=3ff80000 size=0001ch (    28) load[0m
[0;32mI (106) esp_image: segment 2: paddr=0001c824 vaddr=3ffb0000 size=02754h ( 10068) load[0m
[0;32mI (113) esp_image: segment 3: paddr=0001ef80 vaddr=40080000 size=01098h (  4248) load[0m
[0;32mI (119) esp_image: segment 4: paddr=00020020 vaddr=400d0020 size=19578h (103800) map[0m
[0;32mI (160) esp_image: segment 5: paddr=000395a0 vaddr=40081098 size=0ca28h ( 51752) load[0m
[0;32mI (187) boot: Loaded app from partition at offset 0x10000[0m
[0;32mI (187) boot: Disabling RNG early entropy source...[0m
[0;32mI (198) cpu_start: Multicore app[0m
[0;32mI (206) cpu_start: Pro cpu start user code[0m
[0;32mI (206) cpu_start: cpu freq: 160000000 Hz[0m
[0;32mI (206) app_init: Application information:[0m
[0;32mI (206) app_init: Project name:     PROVE-ESPOSIMETRO-MIO[0m
[0;32mI (211) app_init: App version:      v5.5-dev-2182-ga6c3a9cbbb-dirty[0m
[0;32mI (217) app_init: Compile time:     Apr  9 2025 17:32:13[0m
[0;32mI (223) app_init: ELF file SHA256:  58d5ae9cd...[0m
[0;32mI (227) app_init: ESP-IDF:          v5.5-dev-2182-ga6c3a9cbbb-dirty[0m
[0;32mI (233) efuse_init: Min chip rev:     v0.0[0m
[0;32mI (237) efuse_init: Max chip rev:     v3.99 [0m
[0;32mI (241) efuse_init: Chip rev:         v3.1[0m
[0;32mI (245) heap_init: Initializing. RAM available for dynamic allocation:[0m
[0;32mI (251) heap_init: At 3FFAE6E0 len 00001920 (6 KiB): DRAM[0m
[0;32mI (256) heap_init: At 3FFB3050 len 0002CFB0 (179 KiB): DRAM[0m
[0;32mI (261) heap_init: At 3FFE0440 len 00003AE0 (14 KiB): D/IRAM[0m
[0;32mI (267) heap_init: At 3FFE4350 len 0001BCB0 (111 KiB): D/IRAM[0m
[0;32mI (272) heap_init: At 4008DAC0 len 00012540 (73 KiB): IRAM[0m
[0;32mI (279) spi_flash: detected chip: generic[0m
[0;32mI (281) spi_flash: flash io: dio[0m
[0;33mW (284) spi_flash: Detected size(4096k) larger than the size in the binary image header(2048k). Using the size in the binary image header.[0m
[1;31mE (296) i2c: CONFLICT! driver_ng is not allowed to be used with this old driver[0m

abort() was called at PC 0x400dbff0 on core 0


Backtrace: 0x40081875:0x3ffe3b30 0x40085ef9:0x3ffe3b50 0x4008bea5:0x3ffe3b70 0x400dbff0:0x3ffe3be0 0x400d1d87:0x3ffe3c00 0x400d1e6e:0x3ffe3c20 0x400813ee:0x3ffe3c40 0x40079776:0x3ffe3c90 |<-CORRUPTED




ELF file SHA256: 58d5ae9cd

Rebooting...
ets Jul 29 2019 12:21:46

rst:0xc (SW_CPU_RESET),boot:0x13 (SPI_FAST_FLASH_BOOT)
configsip: 0, SPIWP:0xee
clk_drv:0x00,q_drv:0x00,d_drv:0x00,cs0_drv:0x00,hd_drv:0x00,wp_drv:0x00
mode:DIO, clock div:2
load:0x3fff0030,len:6368
load:0x40078000,len:15880
load:0x40080400,len:3860
entry 0x40080638
[0;32mI (27) boot: ESP-IDF v5.5-dev-2182-ga6c3a9cbbb-dirty 2nd stage bootloader[0m
[0;32mI (27) boot: compile time Apr  7 2025 00:07:11[0m
[0;32mI (27) boot: Multicore bootloader[0m
[0;32mI (31) boot: chip revision: v3.1[0m
[0;32mI (34) boot.esp32: SPI Speed      : 40MHz[0m
[0;32mI (37) boot.esp32: SPI Mode       : DIO[0m
[0;32mI (41) boot.esp32: SPI Flash Size : 2MB[0m
[0;32mI (45) boot: Enabling RNG early entropy source...[0m
[0;32mI (49) boot: Partition Table:[0m
[0;32mI (52) boot: ## Label            Usage          Type ST Offset   Length[0m
[0;32mI (58) boot:  0 nvs              WiFi data        01 02 00009000 00006000[0m
[0;32mI (64) boot:  1 phy_init         RF data          01 01 0000f000 00001000[0m
[0;32mI (71) boot:  2 factory          factory app      00 00 00010000 00100000[0m
[0;32mI (78) boot: End of partition table[0m
[0;32mI (81) esp_image: segment 0: paddr=00010020 vaddr=3f400020 size=0c7d8h ( 51160) map[0m
[0;32mI (106) esp_image: segment 1: paddr=0001c800 vaddr=3ff80000 size=0001ch (    28) load[0m
[0;32mI (106) esp_image: segment 2: paddr=0001c824 vaddr=3ffb0000 size=02754h ( 10068) load[0m
[0;32mI (113) esp_image: segment 3: paddr=0001ef80 vaddr=40080000 size=01098h (  4248) load[0m
[0;32mI (119) esp_image: segment 4: paddr=00020020 vaddr=400d0020 size=19578h (103800) map[0m
[0;32mI (160) esp_image: segment 5: paddr=000395a0 vaddr=40081098 size=0ca28h ( 51752) load[0m
[0;32mI (187) boot: Loaded app from partition at offset 0x10000[0m
[0;32mI (187) boot: Disabling RNG early entropy source...[0m
[0;32mI (198) cpu_start: Multicore app[0m
[0;32mI (206) cpu_start: Pro cpu start user code[0m
[0;32mI (206) cpu_start: cpu freq: 160000000 Hz[0m
[0;32mI (206) app_init: Application information:[0m
[0;32mI (206) app_init: Project name:     PROVE-ESPOSIMETRO-MIO[0m
[0;32mI (211) app_init: App version:      v5.5-dev-2182-ga6c3a9cbbb-dirty[0m
[0;32mI (217) app_init: Compile time:     Apr  9 2025 17:32:13[0m
[0;32mI (223) app_init: ELF file SHA256:  58d5ae9cd...[0m
[0;32mI (227) app_init: ESP-IDF:          v5.5-dev-2182-ga6c3a9cbbb-dirty[0m
[0;32mI (233) efuse_init: Min chip rev:     v0.0[0m
[0;32mI (237) efuse_init: Max chip rev:     v3.99 [0m
[0;32mI (241) efuse_init: Chip rev:         v3.1[0m
[0;32mI (245) heap_init: Initializing. RAM available for dynamic allocation:[0m
[0;32mI (251) heap_init: At 3FFAE6E0 len 00001920 (6 KiB): DRAM[0m
[0;32mI (256) heap_init: At 3FFB3050 len 0002CFB0 (179 KiB): DRAM[0m
[0;32mI (261) heap_init: At 3FFE0440 len 00003AE0 (14 KiB): D/IRAM[0m
[0;32mI (267) heap_init: At 3FFE4350 len 0001BCB0 (111 KiB): D/IRAM[0m
[0;32mI (272) heap_init: At 4008DAC0 len 00012540 (73 KiB): IRAM[0m
[0;32mI (279) spi_flash: detected chip: generic[0m
I (281) spi_flash: flash io: dio
[0;33mW (284) spi_flash: Detected size(4096k) larger than the size in the binary image header(2048k). Using the size in the binary image header.[0m
[1;31mE (296) i2c: CONFLICT! driver_ng is not allowed to be used with this old driver[0m

abort() was called at PC 0x400dbff0 on core 0


Backtrace: 0x40081875:0x3ffe3b30 0x40085ef9:0x3ffe3b50 0x4008bea5:0x3ffe3b70 0x400dbff0:0x3ffe3be0 0x400d1d87:0x3ffe3c00 0x400d1e6e:0x3ffe3c20 0x400813ee:0x3ffe3c40 0x40079776:0x3ffe3c90 |<-CORRUPTED




ELF file SHA256: 58d5ae9cd

Rebooting...
ets Jul 29 2019 12:21:46

rst:0xc (SW_CPU_RESET),boot:0x13 (SPI_FAST_FLASH_BOOT)
configsip: 0, SPIWP:0xee
clk_drv:0x00,q_drv:0x00,d_drv:0x00,cs0_drv:0x00,hd_drv:0x00,wp_drv:0x00
mode:DIO, clock div:2
load:0x3fff0030,len:6368
load:0x40078000,len:15880
load:0x40080400,len:3860
entry 0x40080638
[0;32mI (27) boot: ESP-IDF v5.5-dev-2182-ga6c3a9cbbb-dirty 2nd stage bootloader[0m
[0;32mI (27) boot: compile time Apr  7 2025 00:07:11[0m
[0;32mI (27) boot: Multicore bootloader[0m
[0;32mI (31) boot: chip revision: v3.1[0m
[0;32mI (34) boot.esp32: SPI Speed      : 40MHz[0m
[0;32mI (37) boot.esp32: SPI Mode       : DIO[0m
[0;32mI (41) boot.esp32: SPI Flash Size : 2MB[0m
[0;32mI (45) boot: Enabling RNG early entropy source...[0m
[0;32mI (49) boot: Partition Table:[0m
[0;32mI (52) boot: ## Label            Usage          Type ST Offset   Length[0m
[0;32mI (58) boot:  0 nvs              WiFi data        01 02 00009000 00006000[0m
[0;32mI (64) boot:  1 phy_init         RF data          01 01 0000f000 00001000[0m
[0;32mI (71) boot:  2 factory          factory app      00 00 00010000 00100000[0m
[0;32mI (78) boot: End of partition table[0m
[0;32mI (81) esp_image: segment 0: paddr=00010020 vaddr=3f400020 size=0c7d8h ( 51160) map[0m
[0;32mI (106) esp_image: segment 1: paddr=0001c800 vaddr=3ff80000 size=0001ch (    28) load[0m
[0;32mI (106) esp_image: segment 2: paddr=0001c824 vaddr=3ffb0000 size=02754h ( 10068) load[0m
[0;32mI (113) esp_image: segment 3: paddr=0001ef80 vaddr=40080000 size=01098h (  4248) load[0m
[0;32mI (119) esp_image: segment 4: paddr=00020020 vaddr=400d0020 size=19578h (103800) map[0m
[0;32mI (160) esp_image: segment 5: paddr=000395a0 vaddr=40081098 size=0ca28h ( 51752) load[0m
[0;32mI (187) boot: Loaded app from partition at offset 0x10000[0m
[0;32mI (187) boot: Disabling RNG early entropy source...[0m
[0;32mI (198) cpu_start: Multicore app[0m
[0;32mI (206) cpu_start: Pro cpu start user code[0m
[0;32mI (206) cpu_start: cpu freq: 160000000 Hz[0m
[0;32mI (206) app_init: Application information:[0m
[0;32mI (206) app_init: Project name:     PROVE-ESPOSIMETRO-MIO[0m
[0;32mI (211) app_init: App version:      v5.5-dev-2182-ga6c3a9cbbb-dirty[0m
[0;32mI (217) app_init: Compile time:     Apr  9 2025 17:32:13[0m
[0;32mI (223) app_init: ELF file SHA256:  58d5ae9cd...[0m
[0;32mI (227) app_init: ESP-IDF:          v5.5-dev-2182-ga6c3a9cbbb-dirty[0m
[0;32mI (233) efuse_init: Min chip rev:     v0.0[0m
[0;32mI (237) efuse_init: Max chip rev:     v3.99 [0m
[0;32mI (241) efuse_init: Chip rev:         v3.1[0m
[0;32mI (245) heap_init: Initializing. RAM available for dynamic allocation:[0m
[0;32mI (251) heap_init: At 3FFAE6E0 len 00001920 (6 KiB): DRAM[0m
[0;32mI (256) heap_init: At 3FFB3050 len 0002CFB0 (179 KiB): DRAM[0m
[0;32mI (261) heap_init: At 3FFE0440 len 00003AE0 (14 KiB): D/IRAM[0m
[0;32mI (267) heap_init: At 3FFE4350 len 0001BCB0 (111 KiB): D/IRAM[0m
[0;32mI (272) heap_init: At 4008DAC0 len 00012540 (73 KiB): IRAM[0m
[0;32mI (279) spi_flash: detected chip: generic[0m
[0;32mI (281) spi_flash: flash io: dio[0m
[0;33mW (284) spi_flash: Detected size(4096k) larger than the size in the binary image header(2048k). Using the size in the binary image header.[0m
[1;31mE (296) i2c: CONFLICT! driver_ng is not allowed to be used with this old driver[0m

abort() was called at PC 0x400dbff0 on core 0


Backtrace: 0x40081875:0x3ffe3b30 0x40085ef9:0x3ffe3b50 0x4008bea5:0x3ffe3b70 0x400dbff0:0x3ffe3be0 0x400d1d87:0x3ffe3c00 0x400d1e6e:0x3ffe3c20 0x400813ee:0x3ffe3c40 0x40079776:0x3ffe3c90 |<-CORRUPTED




ELF file SHA256: 58d5ae9cd

Rebooting...
ets Jul 29 2019 12:21:46

rst:0xc (SW_CPU_RESET),boot:0x13 (SPI_FAST_FLASH_BOOT)
configsip: 0, SPIWP:0xee
clk_drv:0x00,q_drv:0x00,d_drv:0x00,cs0_drv:0x00,hd_drv:0x00,wp_drv:0x00
mode:DIO, clock div:2
load:0x3fff0030,len:6368
load:0x40078000,len:15880
load:0x40080400,len:3860
entry 0x40080638
[0;32mI (27) boot: ESP-IDF v5.5-dev-2182-ga6c3a9cbbb-dirty 2nd stage bootloader[0m
[0;32mI (27) boot: compile time Apr  7 2025 00:07:11[0m
[0;32mI (27) boot: Multicore bootloader[0m
[0;32mI (31) boot: chip revision: v3.1[0m
[0;32mI (34) boot.esp32: SPI Speed      : 40MHz[0m
[0;32mI (37) boot.esp32: SPI Mode       : DIO[0m
[0;32mI (41) boot.esp32: SPI Flash Size : 2MB[0m
[0;32mI (45) boot: Enabling RNG early entropy source...[0m
[0;32mI (49) boot: Partition Table:[0m
[0;32mI (52) boot: ## Label            Usage          Type ST Offset   Length[0m
[0;32mI (58) boot:  0 nvs              WiFi data        01 02 00009000 00006000[0m
[0;32mI (64) boot:  1 phy_init         RF data          01 01 0000f000 00001000[0m
[0;32mI (71) boot:  2 factory          factory app      00 00 00010000 00100000[0m
[0;32mI (78) boot: End of partition table[0m
[0;32mI (81) esp_image: segment 0: paddr=00010020 vaddr=3f400020 size=0c7d8h ( 51160) map[0m
[0;32mI (106) esp_image: segment 1: paddr=0001c800 vaddr=3ff80000 size=0001ch (    28) load[0m
[0;32mI (106) esp_image: segment 2: paddr=0001c824 vaddr=3ffb0000 size=02754h ( 10068) load[0m
[0;32mI (113) esp_image: segment 3: paddr=0001ef80 vaddr=40080000 size=01098h (  4248) load[0m
[0;32mI (119) esp_image: segment 4: paddr=00020020 vaddr=400d0020 size=19578h (103800) map[0m
[0;32mI (160) esp_image: segment 5: paddr=000395a0 vaddr=40081098 size=0ca28h ( 51752) load[0m
[0;32mI (187) boot: Loaded app from partition at offset 0x10000[0m
[0;32mI (187) boot: Disabling RNG early entropy source...[0m
[0;32mI (198) cpu_start: Multicore app[0m
[0;32mI (206) cpu_start: Pro cpu start user code[0m
[0;32mI (206) cpu_start: cpu freq: 160000000 Hz[0m
[0;32mI (206) app_init: Application information:[0m
[0;32mI (206) app_init: Project name:     PROVE-ESPOSIMETRO-MIO[0m
[0;32mI (211) app_init: App version:      v5.5-dev-2182-ga6c3a9cbbb-dirty[0m
[0;32mI (217) app_init: Compile time:     Apr  9 2025 17:32:13[0m
[0;32mI (223) app_init: ELF file SHA256:  58d5ae9cd...[0m
[0;32mI (227) app_init: ESP-IDF:          v5.5-dev-2182-ga6c3a9cbbb-dirty[0m
[0;32mI (233) efuse_init: Min chip rev:     v0.0[0m
[0;32mI (237) efuse_init: Max chip rev:     v3.99 [0m
[0;32mI (241) efuse_init: Chip rev:         v3.1[0m
[0;32mI (245) heap_init: Initializing. RAM available for dynamic allocation:[0m
[0;32mI (251) heap_init: At 3FFAE6E0 len 00001920 (6 KiB): DRAM[0m
[0;32mI (256) heap_init: At 3FFB3050 len 0002CFB0 (179 KiB): DRAM[0m
[0;32mI (261) heap_init: At 3FFE0440 len 00003AE0 (14 KiB): D/IRAM[0m
[0;32mI (267) heap_init: At 3FFE4350 len 0001BCB0 (111 KiB): D/IRAM[0m
[0;32mI (272) heap_init: At 4008DAC0 len 00012540 (73 KiB): IRAM[0m
[0;32mI (279) spi_flash: detected chip: generic[0m
I (281) spi_flash: flash io: dio
[0;33mW (284) spi_flash: Detected size(4096k) larger than the size in the binary image header(2048k). Using the size in the binary image header.[0m
[1;31mE (296) i2c: CONFLICT! driver_ng is not allowed to be used with this old driver[0m

abort() was called at PC 0x400dbff0 on core 0


Backtrace: 0x40081875:0x3ffe3b30 0x40085ef9:0x3ffe3b50 0x4008bea5:0x3ffe3b70 0x400dbff0:0x3ffe3be0 0x400d1d87:0x3ffe3c00 0x400d1e6e:0x3ffe3c20 0x400813ee:0x3ffe3c40 0x40079776:0x3ffe3c90 |<-CORRUPTED




ELF file SHA256: 58d5ae9cd

Rebooting...
ets Jul 29 2019 12:21:46

rst:0xc (SW_CPU_RESET),boot:0x13 (SPI_FAST_FLASH_BOOT)
configsip: 0, SPIWP:0xee
clk_drv:0x00,q_drv:0x00,d_drv:0x00,cs0_drv:0x00,hd_drv:0x00,wp_drv:0x00
mode:DIO, clock div:2
load:0x3fff0030,len:6368
load:0x40078000,len:15880
load:0x40080400,len:3860
entry 0x40080638
[0;32mI (27) boot: ESP-IDF v5.5-dev-2182-ga6c3a9cbbb-dirty 2nd stage bootloader[0m
[0;32mI (27) boot: compile time Apr  7 2025 00:07:11[0m
[0;32mI (27) boot: Multicore bootloader[0m
[0;32mI (31) boot: chip revision: v3.1[0m
[0;32mI (34) boot.esp32: SPI Speed      : 40MHz[0m
[0;32mI (37) boot.esp32: SPI Mode       : DIO[0m
[0;32mI (41) boot.esp32: SPI Flash Size : 2MB[0m
[0;32mI (45) boot: Enabling RNG early entropy source...[0m
[0;32mI (49) boot: Partition Table:[0m
[0;32mI (52) boot: ## Label            Usage          Type ST Offset   Length[0m
[0;32mI (58) boot:  0 nvs              WiFi data        01 02 00009000 00006000[0m
[0;32mI (64) boot:  1 phy_init         RF data          01 01 0000f000 00001000[0m
[0;32mI (71) boot:  2 factory          factory app      00 00 00010000 00100000[0m
[0;32mI (78) boot: End of partition table[0m
[0;32mI (81) esp_image: segment 0: paddr=00010020 vaddr=3f400020 size=0c7d8h ( 51160) map[0m
[0;32mI (106) esp_image: segment 1: paddr=0001c800 vaddr=3ff80000 size=0001ch (    28) load[0m
[0;32mI (106) esp_image: segment 2: paddr=0001c824 vaddr=3ffb0000 size=02754h ( 10068) load[0m
[0;32mI (113) esp_image: segment 3: paddr=0001ef80 vaddr=40080000 size=01098h (  4248) load[0m
[0;32mI (119) esp_image: segment 4: paddr=00020020 vaddr=400d0020 size=19578h (103800) map[0m
[0;32mI (160) esp_image: segment 5: paddr=000395a0 vaddr=40081098 size=0ca28h ( 51752) load[0m
[0;32mI (187) boot: Loaded app from partition at offset 0x10000[0m
[0;32mI (187) boot: Disabling RNG early entropy source...[0m
[0;32mI (198) cpu_start: Multicore app[0m
[0;32mI (206) cpu_start: Pro cpu start user code[0m
[0;32mI (206) cpu_start: cpu freq: 160000000 Hz[0m
[0;32mI (206) app_init: Application information:[0m
[0;32mI (206) app_init: Project name:     PROVE-ESPOSIMETRO-MIO[0m
[0;32mI (211) app_init: App version:      v5.5-dev-2182-ga6c3a9cbbb-dirty[0m
[0;32mI (217) app_init: Compile time:     Apr  9 2025 17:32:13[0m
[0;32mI (223) app_init: ELF file SHA256:  58d5ae9cd...[0m
[0;32mI (227) app_init: ESP-IDF:          v5.5-dev-2182-ga6c3a9cbbb-dirty[0m
[0;32mI (233) efuse_init: Min chip rev:     v0.0[0m
[0;32mI (237) efuse_init: Max chip rev:     v3.99 [0m
[0;32mI (241) efuse_init: Chip rev:         v3.1[0m
[0;32mI (245) heap_init: Initializing. RAM available for dynamic allocation:[0m
[0;32mI (251) heap_init: At 3FFAE6E0 len 00001920 (6 KiB): DRAM[0m
[0;32mI (256) heap_init: At 3FFB3050 len 0002CFB0 (179 KiB): DRAM[0m
[0;32mI (261) heap_init: At 3FFE0440 len 00003AE0 (14 KiB): D/IRAM[0m
[0;32mI (267) heap_init: At 3FFE4350 len 0001BCB0 (111 KiB): D/IRAM[0m
[0;32mI (272) heap_init: At 4008DAC0 len 00012540 (73 KiB): IRAM[0m
[0;32mI (279) spi_flash: detected chip: generic[0m
[0;32mI (281) spi_flash: flash io: dio[0m
[0;33mW (284) spi_flash: Detected size(4096k) larger than the size in the binary image header(2048k). Using the size in the binary image header.[0m
[1;31mE (296) i2c: CONFLICT! driver_ng is not allowed to be used with this old driver[0m

abort() was called at PC 0x400dbff0 on core 0


Backtrace: 0x40081875:0x3ffe3b30 0x40085ef9:0x3ffe3b50 0x4008bea5:0x3ffe3b70 0x400dbff0:0x3ffe3be0 0x400d1d87:0x3ffe3c00 0x400d1e6e:0x3ffe3c20 0x400813ee:0x3ffe3c40 0x40079776:0x3ffe3c90 |<-CORRUPTED




ELF file SHA256: 58d5ae9cd

Rebooting...
ets Jul 29 2019 12:21:46

rst:0xc (SW_CPU_RESET),boot:0x13 (SPI_FAST_FLASH_BOOT)
configsip: 0, SPIWP:0xee
clk_drv:0x00,q_drv:0x00,d_drv:0x00,cs0_drv:0x00,hd_drv:0x00,wp_drv:0x00
mode:DIO, clock div:2
load:0x3fff0030,len:6368
load:0x40078000,len:15880
load:0x40080400,len:3860
entry 0x40080638
[0;32mI (27) boot: ESP-IDF v5.5-dev-2182-ga6c3a9cbbb-dirty 2nd stage bootloader[0m
[0;32mI (27) boot: compile time Apr  7 2025 00:07:11[0m
[0;32mI (27) boot: Multicore bootloader[0m
[0;32mI (31) boot: chip revision: v3.1[0m
[0;32mI (34) boot.esp32: SPI Speed      : 40MHz[0m
[0;32mI (37) boot.esp32: SPI Mode       : DIO[0m
[0;32mI (41) boot.esp32: SPI Flash Size : 2MB[0m
[0;32mI (45) boot: Enabling RNG early entropy source...[0m
[0;32mI (49) boot: Partition Table:[0m
[0;32mI (52) boot: ## Label            Usage          Type ST Offset   Length[0m
[0;32mI (58) boot:  0 nvs              WiFi data        01 02 00009000 00006000[0m
[0;32mI (64) boot:  1 phy_init         RF data          01 01 0000f000 00001000[0m
[0;32mI (71) boot:  2 factory          factory app      00 00 00010000 00100000[0m
[0;32mI (78) boot: End of partition table[0m
[0;32mI (81) esp_image: segment 0: paddr=00010020 vaddr=3f400020 size=0c7d8h ( 51160) map[0m
[0;32mI (106) esp_image: segment 1: paddr=0001c800 vaddr=3ff80000 size=0001ch (    28) load[0m
[0;32mI (106) esp_image: segment 2: paddr=0001c824 vaddr=3ffb0000 size=02754h ( 10068) load[0m
[0;32mI (113) esp_image: segment 3: paddr=0001ef80 vaddr=40080000 size=01098h (  4248) load[0m
[0;32mI (119) esp_image: segment 4: paddr=00020020 vaddr=400d0020 size=19578h (103800) map[0m
[0;32mI (160) esp_image: segment 5: paddr=000395a0 vaddr=40081098 size=0ca28h ( 51752) load[0m
[0;32mI (187) boot: Loaded app from partition at offset 0x10000[0m
[0;32mI (187) boot: Disabling RNG early entropy source...[0m
[0;32mI (198) cpu_start: Multicore app[0m
[0;32mI (206) cpu_start: Pro cpu start user code[0m
[0;32mI (206) cpu_start: cpu freq: 160000000 Hz[0m
[0;32mI (206) app_init: Application information:[0m
[0;32mI (206) app_init: Project name:     PROVE-ESPOSIMETRO-MIO[0m
[0;32mI (211) app_init: App version:      v5.5-dev-2182-ga6c3a9cbbb-dirty[0m
[0;32mI (217) app_init: Compile time:     Apr  9 2025 17:32:13[0m
[0;32mI (223) app_init: ELF file SHA256:  58d5ae9cd...[0m
[0;32mI (227) app_init: ESP-IDF:          v5.5-dev-2182-ga6c3a9cbbb-dirty[0m
[0;32mI (233) efuse_init: Min chip rev:     v0.0[0m
[0;32mI (237) efuse_init: Max chip rev:     v3.99 [0m
[0;32mI (241) efuse_init: Chip rev:         v3.1[0m
[0;32mI (245) heap_init: Initializing. RAM available for dynamic allocation:[0m
[0;32mI (251) heap_init: At 3FFAE6E0 len 00001920 (6 KiB): DRAM[0m
[0;32mI (256) heap_init: At 3FFB3050 len 0002CFB0 (179 KiB): DRAM[0m
[0;32mI (261) heap_init: At 3FFE0440 len 00003AE0 (14 KiB): D/IRAM[0m
[0;32mI (267) heap_init: At 3FFE4350 len 0001BCB0 (111 KiB): D/IRAM[0m
[0;32mI (272) heap_init: At 4008DAC0 len 00012540 (73 KiB): IRAM[0m
[0;32mI (279) spi_flash: detected chip: generic[0m
[0;32mI (281) spi_flash: flash io: dio[0m
[0;33mW (284) spi_flash: Detected size(4096k) larger than the size in the binary image header(2048k). Using the size in the binary image header.[0m
[1;31mE (296) i2c: CONFLICT! driver_ng is not allowed to be used with this old driver[0m

abort() was called at PC 0x400dbff0 on core 0


Backtrace: 0x40081875:0x3ffe3b30 0x40085ef9:0x3ffe3b50 0x4008bea5:0x3ffe3b70 0x400dbff0:0x3ffe3be0 0x400d1d87:0x3ffe3c00 0x400d1e6e:0x3ffe3c20 0x400813ee:0x3ffe3c40 0x40079776:0x3ffe3c90 |<-CORRUPTED




ELF file SHA256: 58d5ae9cd

Rebooting...
ets Jul 29 2019 12:21:46

rst:0xc (SW_CPU_RESET),boot:0x13 (SPI_FAST_FLASH_BOOT)
configsip: 0, SPIWP:0xee
clk_drv:0x00,q_drv:0x00,d_drv:0x00,cs0_drv:0x00,hd_drv:0x00,wp_drv:0x00
mode:DIO, clock div:2
load:0x3fff0030,len:6368
load:0x40078000,len:15880
load:0x40080400,len:3860
entry 0x40080638
[0;32mI (27) boot: ESP-IDF v5.5-dev-2182-ga6c3a9cbbb-dirty 2nd stage bootloader[0m
[0;32mI (27) boot: compile time Apr  7 2025 00:07:11[0m
[0;32mI (27) boot: Multicore bootloader[0m
[0;32mI (31) boot: chip revision: v3.1[0m
[0;32mI (34) boot.esp32: SPI Speed      : 40MHz[0m
[0;32mI (37) boot.esp32: SPI Mode       : DIO[0m
[0;32mI (41) boot.esp32: SPI Flash Size : 2MB[0m
[0;32mI (45) boot: Enabling RNG early entropy source...[0m
[0;32mI (49) boot: Partition Table:[0m
[0;32mI (52) boot: ## Label            Usage          Type ST Offset   Length[0m
[0;32mI (58) boot:  0 nvs              WiFi data        01 02 00009000 00006000[0m
[0;32mI (64) boot:  1 phy_init         RF data          01 01 0000f000 00001000[0m
[0;32mI (71) boot:  2 factory          factory app      00 00 00010000 00100000[0m
[0;32mI (78) boot: End of partition table[0m
[0;32mI (81) esp_image: segment 0: paddr=00010020 vaddr=3f400020 size=0c7d8h ( 51160) map[0m
[0;32mI (106) esp_image: segment 1: paddr=0001c800 vaddr=3ff80000 size=0001ch (    28) load[0m
[0;32mI (106) esp_image: segment 2: paddr=0001c824 vaddr=3ffb0000 size=02754h ( 10068) load[0m
[0;32mI (113) esp_image: segment 3: paddr=0001ef80 vaddr=40080000 size=01098h (  4248) load[0m
[0;32mI (119) esp_image: segment 4: paddr=00020020 vaddr=400d0020 size=19578h (103800) map[0m
[0;32mI (160) esp_image: segment 5: paddr=000395a0 vaddr=40081098 size=0ca28h ( 51752) load[0m
[0;32mI (187) boot: Loaded app from partition at offset 0x10000[0m
[0;32mI (187) boot: Disabling RNG early entropy source...[0m
[0;32mI (198) cpu_start: Multicore app[0m
[0;32mI (206) cpu_start: Pro cpu start user code[0m
[0;32mI (206) cpu_start: cpu freq: 160000000 Hz[0m
[0;32mI (206) app_init: Application information:[0m
[0;32mI (206) app_init: Project name:     PROVE-ESPOSIMETRO-MIO[0m
[0;32mI (211) app_init: App version:      v5.5-dev-2182-ga6c3a9cbbb-dirty[0m
[0;32mI (217) app_init: Compile time:     Apr  9 2025 17:32:13[0m
[0;32mI (223) app_init: ELF file SHA256:  58d5ae9cd...[0m
[0;32mI (227) app_init: ESP-IDF:          v5.5-dev-2182-ga6c3a9cbbb-dirty[0m
[0;32mI (233) efuse_init: Min chip rev:     v0.0[0m
[0;32mI (237) efuse_init: Max chip rev:     v3.99 [0m
[0;32mI (241) efuse_init: Chip rev:         v3.1[0m
[0;32mI (245) heap_init: Initializing. RAM available for dynamic allocation:[0m
[0;32mI (251) heap_init: At 3FFAE6E0 len 00001920 (6 KiB): DRAM[0m
[0;32mI (256) heap_init: At 3FFB3050 len 0002CFB0 (179 KiB): DRAM[0m
[0;32mI (261) heap_init: At 3FFE0440 len 00003AE0 (14 KiB): D/IRAM[0m
[0;32mI (267) heap_init: At 3FFE4350 len 0001BCB0 (111 KiB): D/IRAM[0m
[0;32mI (272) heap_init: At 4008DAC0 len 00012540 (73 KiB): IRAM[0m
[0;32mI (279) spi_flash: detected chip: generic[0m
[0;32mI (281) spi_flash: flash io: dio[0m
[0;33mW (284) spi_flash: Detected size(4096k) larger than the size in the binary image header(2048k). Using the size in the binary image header.[0m
[1;31mE (296) i2c: CONFLICT! driver_ng is not allowed to be used with this old driver[0m

abort() was called at PC 0x400dbff0 on core 0


Backtrace: 0x40081875:0x3ffe3b30 0x40085ef9:0x3ffe3b50 0x4008bea5:0x3ffe3b70 0x400dbff0:0x3ffe3be0 0x400d1d87:0x3ffe3c00 0x400d1e6e:0x3ffe3c20 0x400813ee:0x3ffe3c40 0x40079776:0x3ffe3c90 |<-CORRUPTED




ELF file SHA256: 58d5ae9cd

Rebooting...
ets Jul 29 2019 12:21:46

rst:0xc (SW_CPU_RESET),boot:0x13 (SPI_FAST_FLASH_BOOT)
configsip: 0, SPIWP:0xee
clk_drv:0x00,q_drv:0x00,d_drv:0x00,cs0_drv:0x00,hd_drv:0x00,wp_drv:0x00
mode:DIO, clock div:2
load:0x3fff0030,len:6368
load:0x40078000,len:15880
load:0x40080400,len:3860
entry 0x40080638
[0;32mI (27) boot: ESP-IDF v5.5-dev-2182-ga6c3a9cbbb-dirty 2nd stage bootloader[0m
[0;32mI (27) boot: compile time Apr  7 2025 00:07:11[0m
[0;32mI (27) boot: Multicore bootloader[0m
[0;32mI (31) boot: chip revision: v3.1[0m
[0;32mI (34) boot.esp32: SPI Speed      : 40MHz[0m
[0;32mI (37) boot.esp32: SPI Mode       : DIO[0m
[0;32mI (41) boot.esp32: SPI Flash Size : 2MB[0m
[0;32mI (45) boot: Enabling RNG early entropy source...[0m
[0;32mI (49) boot: Partition Table:[0m
[0;32mI (52) boot: ## Label            Usage          Type ST Offset   Length[0m
[0;32mI (58) boot:  0 nvs              WiFi data        01 02 00009000 00006000[0m
[0;32mI (64) boot:  1 phy_init         RF data          01 01 0000f000 00001000[0m
[0;32mI (71) boot:  2 factory          factory app      00 00 00010000 00100000[0m
[0;32mI (78) boot: End of partition table[0m
[0;32mI (81) esp_image: segment 0: paddr=00010020 vaddr=3f400020 size=0c7d8h ( 51160) map[0m
[0;32mI (106) esp_image: segment 1: paddr=0001c800 vaddr=3ff80000 size=0001ch (    28) load[0m
[0;32mI (106) esp_image: segment 2: paddr=0001c824 vaddr=3ffb0000 size=02754h ( 10068) load[0m
[0;32mI (113) esp_image: segment 3: paddr=0001ef80 vaddr=40080000 size=01098h (  4248) load[0m
[0;32mI (119) esp_image: segment 4: paddr=00020020 vaddr=400d0020 size=19578h (103800) map[0m
[0;32mI (160) esp_image: segment 5: paddr=000395a0 vaddr=40081098 size=0ca28h ( 51752) load[0m
[0;32mI (187) boot: Loaded app from partition at offset 0x10000[0m
[0;32mI (187) boot: Disabling RNG early entropy source...[0m
[0;32mI (198) cpu_start: Multicore app[0m
[0;32mI (206) cpu_start: Pro cpu start user code[0m
[0;32mI (206) cpu_start: cpu freq: 160000000 Hz[0m
[0;32mI (206) app_init: Application information:[0m
[0;32mI (206) app_init: Project name:     PROVE-ESPOSIMETRO-MIO[0m
[0;32mI (211) app_init: App version:      v5.5-dev-2182-ga6c3a9cbbb-dirty[0m
[0;32mI (217) app_init: Compile time:     Apr  9 2025 17:32:13[0m
[0;32mI (223) app_init: ELF file SHA256:  58d5ae9cd...[0m
[0;32mI (227) app_init: ESP-IDF:          v5.5-dev-2182-ga6c3a9cbbb-dirty[0m
[0;32mI (233) efuse_init: Min chip rev:     v0.0[0m
[0;32mI (237) efuse_init: Max chip rev:     v3.99 [0m
[0;32mI (241) efuse_init: Chip rev:         v3.1[0m
[0;32mI (245) heap_init: Initializing. RAM available for dynamic allocation:[0m
[0;32mI (251) heap_init: At 3FFAE6E0 len 00001920 (6 KiB): DRAM[0m
[0;32mI (256) heap_init: At 3FFB3050 len 0002CFB0 (179 KiB): DRAM[0m
[0;32mI (261) heap_init: At 3FFE0440 len 00003AE0 (14 KiB): D/IRAM[0m
[0;32mI (267) heap_init: At 3FFE4350 len 0001BCB0 (111 KiB): D/IRAM[0m
[0;32mI (272) heap_init: At 4008DAC0 len 00012540 (73 KiB): IRAM[0m
[0;32mI (279) spi_flash: detected chip: generic[0m
[0;32mI (281) spi_flash: flash io: dio[0m
[0;33mW (284) spi_flash: Detected size(4096k) larger than the size in the binary image header(2048k). Using the size in the binary image header.[0m
[1;31mE (296) i2c: CONFLICT! driver_ng is not allowed to be used with this old driver[0m

abort() was called at PC 0x400dbff0 on core 0


Backtrace: 0x40081875:0x3ffe3b30 0x40085ef9:0x3ffe3b50 0x4008bea5:0x3ffe3b70 0x400dbff0:0x3ffe3be0 0x400d1d87:0x3ffe3c00 0x400d1e6e:0x3ffe3c20 0x400813ee:0x3ffe3c40 0x40079776:0x3ffe3c90 |<-CORRUPTED




ELF file SHA256: 58d5ae9cd

Rebooting...
ets Jul 29 2019 12:21:46

rst:0xc (SW_CPU_RESET),boot:0x13 (SPI_FAST_FLASH_BOOT)
configsip: 0, SPIWP:0xee
clk_drv:0x00,q_drv:0x00,d_drv:0x00,cs0_drv:0x00,hd_drv:0x00,wp_drv:0x00
mode:DIO, clock div:2
load:0x3fff0030,len:6368
load:0x40078000,len:15880
load:0x40080400,len:3860
entry 0x40080638
[0;32mI (27) boot: ESP-IDF v5.5-dev-2182-ga6c3a9cbbb-dirty 2nd stage bootloader[0m
[0;32mI (27) boot: compile time Apr  7 2025 00:07:11[0m
[0;32mI (27) boot: Multicore bootloader[0m
[0;32mI (31) boot: chip revision: v3.1[0m
[0;32mI (34) boot.esp32: SPI Speed      : 40MHz[0m
[0;32mI (37) boot.esp32: SPI Mode       : DIO[0m
[0;32mI (41) boot.esp32: SPI Flash Size : 2MB[0m
[0;32mI (45) boot: Enabling RNG early entropy source...[0m
[0;32mI (49) boot: Partition Table:[0m
[0;32mI (52) boot: ## Label            Usage          Type ST Offset   Length[0m
[0;32mI (58) boot:  0 nvs              WiFi data        01 02 00009000 00006000[0m
[0;32mI (64) boot:  1 phy_init         RF data          01 01 0000f000 00001000[0m
[0;32mI (71) boot:  2 factory          factory app      00 00 00010000 00100000[0m
[0;32mI (78) boot: End of partition table[0m
[0;32mI (81) esp_image: segment 0: paddr=00010020 vaddr=3f400020 size=0c7d8h ( 51160) map[0m
[0;32mI (106) esp_image: segment 1: paddr=0001c800 vaddr=3ff80000 size=0001ch (    28) load[0m
[0;32mI (106) esp_image: segment 2: paddr=0001c824 vaddr=3ffb0000 size=02754h ( 10068) load[0m
[0;32mI (113) esp_image: segment 3: paddr=0001ef80 vaddr=40080000 size=01098h (  4248) load[0m
[0;32mI (119) esp_image: segment 4: paddr=00020020 vaddr=400d0020 size=19578h (103800) map[0m
[0;32mI (160) esp_image: segment 5: paddr=000395a0 vaddr=40081098 size=0ca28h ( 51752) load[0m
[0;32mI (187) boot: Loaded app from partition at offset 0x10000[0m
[0;32mI (187) boot: Disabling RNG early entropy source...[0m
[0;32mI (198) cpu_start: Multicore app[0m
[0;32mI (206) cpu_start: Pro cpu start user code[0m
[0;32mI (206) cpu_start: cpu freq: 160000000 Hz[0m
[0;32mI (206) app_init: Application information:[0m
[0;32mI (206) app_init: Project name:     PROVE-ESPOSIMETRO-MIO[0m
[0;32mI (211) app_init: App version:      v5.5-dev-2182-ga6c3a9cbbb-dirty[0m
[0;32mI (217) app_init: Compile time:     Apr  9 2025 17:32:13[0m
[0;32mI (223) app_init: ELF file SHA256:  58d5ae9cd...[0m
[0;32mI (227) app_init: ESP-IDF:          v5.5-dev-2182-ga6c3a9cbbb-dirty[0m
[0;32mI (233) efuse_init: Min chip rev:     v0.0[0m
[0;32mI (237) efuse_init: Max chip rev:     v3.99 [0m
[0;32mI (241) efuse_init: Chip rev:         v3.1[0m
[0;32mI (245) heap_init: Initializing. RAM available for dynamic allocation:[0m
[0;32mI (251) heap_init: At 3FFAE6E0 len 00001920 (6 KiB): DRAM[0m
[0;32mI (256) heap_init: At 3FFB3050 len 0002CFB0 (179 KiB): DRAM[0m
[0;32mI (261) heap_init: At 3FFE0440 len 00003AE0 (14 KiB): D/IRAM[0m
[0;32mI (267) heap_init: At 3FFE4350 len 0001BCB0 (111 KiB): D/IRAM[0m
[0;32mI (272) heap_init: At 4008DAC0 len 00012540 (73 KiB): IRAM[0m
[0;32mI (279) spi_flash: detected chip: generic[0m
[0;32mI (281) spi_flash: flash io: dio[0m
[0;33mW (284) spi_flash: Detected size(4096k) larger than the size in the binary image header(2048k). Using the size in the binary image header.[0m
[1;31mE (296) i2c: CONFLICT! driver_ng is not allowed to be used with this old driver[0m

abort() was called at PC 0x400dbff0 on core 0


Backtrace: 0x40081875:0x3ffe3b30 0x40085ef9:0x3ffe3b50 0x4008bea5:0x3ffe3b70 0x400dbff0:0x3ffe3be0 0x400d1d87:0x3ffe3c00 0x400d1e6e:0x3ffe3c20 0x400813ee:0x3ffe3c40 0x40079776:0x3ffe3c90 |<-CORRUPTED




ELF file SHA256: 58d5ae9cd

Rebooting...
ets Jul 29 2019 12:21:46

rst:0xc (SW_CPU_RESET),boot:0x13 (SPI_FAST_FLASH_BOOT)
configsip: 0, SPIWP:0xee
clk_drv:0x00,q_drv:0x00,d_drv:0x00,cs0_drv:0x00,hd_drv:0x00,wp_drv:0x00
mode:DIO, clock div:2
load:0x3fff0030,len:6368
load:0x40078000,len:15880
load:0x40080400,len:3860
entry 0x40080638
[0;32mI (27) boot: ESP-IDF v5.5-dev-2182-ga6c3a9cbbb-dirty 2nd stage bootloader[0m
[0;32mI (27) boot: compile time Apr  7 2025 00:07:11[0m
[0;32mI (27) boot: Multicore bootloader[0m
[0;32mI (31) boot: chip revision: v3.1[0m
[0;32mI (34) boot.esp32: SPI Speed      : 40MHz[0m
[0;32mI (37) boot.esp32: SPI Mode       : DIO[0m
[0;32mI (41) boot.esp32: SPI Flash Size : 2MB[0m
[0;32mI (45) boot: Enabling RNG early entropy source...[0m
[0;32mI (49) boot: Partition Table:[0m
[0;32mI (52) boot: ## Label            Usage          Type ST Offset   Length[0m
[0;32mI (58) boot:  0 nvs              WiFi data        01 02 00009000 00006000[0m
[0;32mI (64) boot:  1 phy_init         RF data          01 01 0000f000 00001000[0m
[0;32mI (71) boot:  2 factory          factory app      00 00 00010000 00100000[0m
[0;32mI (78) boot: End of partition table[0m
[0;32mI (81) esp_image: segment 0: paddr=00010020 vaddr=3f400020 size=0c7d8h ( 51160) map[0m
[0;32mI (106) esp_image: segment 1: paddr=0001c800 vaddr=3ff80000 size=0001ch (    28) load[0m
[0;32mI (106) esp_image: segment 2: paddr=0001c824 vaddr=3ffb0000 size=02754h ( 10068) load[0m
[0;32mI (113) esp_image: segment 3: paddr=0001ef80 vaddr=40080000 size=01098h (  4248) load[0m
[0;32mI (119) esp_image: segment 4: paddr=00020020 vaddr=400d0020 size=19578h (103800) map[0m
[0;32mI (160) esp_image: segment 5: paddr=000395a0 vaddr=40081098 size=0ca28h ( 51752) load[0m
[0;32mI (187) boot: Loaded app from partition at offset 0x10000[0m
[0;32mI (187) boot: Disabling RNG early entropy source...[0m
[0;32mI (198) cpu_start: Multicore app[0m
[0;32mI (206) cpu_start: Pro cpu start user code[0m
[0;32mI (206) cpu_start: cpu freq: 160000000 Hz[0m
[0;32mI (206) app_init: Application information:[0m
[0;32mI (206) app_init: Project name:     PROVE-ESPOSIMETRO-MIO[0m
[0;32mI (211) app_init: App version:      v5.5-dev-2182-ga6c3a9cbbb-dirty[0m
[0;32mI (217) app_init: Compile time:     Apr  9 2025 17:32:13[0m
[0;32mI (223) app_init: ELF file SHA256:  58d5ae9cd...[0m
[0;32mI (227) app_init: ESP-IDF:          v5.5-dev-2182-ga6c3a9cbbb-dirty[0m
[0;32mI (233) efuse_init: Min chip rev:     v0.0[0m
[0;32mI (237) efuse_init: Max chip rev:     v3.99 [0m
[0;32mI (241) efuse_init: Chip rev:         v3.1[0m
[0;32mI (245) heap_init: Initializing. RAM available for dynamic allocation:[0m
[0;32mI (251) heap_init: At 3FFAE6E0 len 00001920 (6 KiB): DRAM[0m
[0;32mI (256) heap_init: At 3FFB3050 len 0002CFB0 (179 KiB): DRAM[0m
[0;32mI (261) heap_init: At 3FFE0440 len 00003AE0 (14 KiB): D/IRAM[0m
[0;32mI (267) heap_init: At 3FFE4350 len 0001BCB0 (111 KiB): D/IRAM[0m
[0;32mI (272) heap_init: At 4008DAC0 len 00012540 (73 KiB): IRAM[0m
[0;32mI (279) spi_flash: detected chip: generic[0m
[0;32mI (281) spi_flash: flash io: dio[0m
[0;33mW (284) spi_flash: Detected size(4096k) larger than the size in the binary image header(2048k). Using the size in the binary image header.[0m
[1;31mE (296) i2c: CONFLICT! driver_ng is not allowed to be used with this old driver[0m

abort() was called at PC 0x400dbff0 on core 0


Backtrace: 0x40081875:0x3ffe3b30 0x40085ef9:0x3ffe3b50 0x4008bea5:0x3ffe3b70 0x400dbff0:0x3ffe3be0 0x400d1d87:0x3ffe3c00 0x400d1e6e:0x3ffe3c20 0x400813ee:0x3ffe3c40 0x40079776:0x3ffe3c90 |<-CORRUPTED




ELF file SHA256: 58d5ae9cd

Rebooting...
ets Jul 29 2019 12:21:46

rst:0xc (SW_CPU_RESET),boot:0x13 (SPI_FAST_FLASH_BOOT)
configsip: 0, SPIWP:0xee
clk_drv:0x00,q_drv:0x00,d_drv:0x00,cs0_drv:0x00,hd_drv:0x00,wp_drv:0x00
mode:DIO, clock div:2
load:0x3fff0030,len:6368
load:0x40078000,len:15880
load:0x40080400,len:3860
entry 0x40080638
[0;32mI (27) boot: ESP-IDF v5.5-dev-2182-ga6c3a9cbbb-dirty 2nd stage bootloader[0m
[0;32mI (27) boot: compile time Apr  7 2025 00:07:11[0m
[0;32mI (27) boot: Multicore bootloader[0m
[0;32mI (31) boot: chip revision: v3.1[0m
[0;32mI (34) boot.esp32: SPI Speed      : 40MHz[0m
[0;32mI (37) boot.esp32: SPI Mode       : DIO[0m
[0;32mI (41) boot.esp32: SPI Flash Size : 2MB[0m
[0;32mI (45) boot: Enabling RNG early entropy source...[0m
[0;32mI (49) boot: Partition Table:[0m
[0;32mI (52) boot: ## Label            Usage          Type ST Offset   Length[0m
[0;32mI (58) boot:  0 nvs              WiFi data        01 02 00009000 00006000[0m
[0;32mI (64) boot:  1 phy_init         RF data          01 01 0000f000 00001000[0m
[0;32mI (71) boot:  2 factory          factory app      00 00 00010000 00100000[0m
[0;32mI (78) boot: End of partition table[0m
[0;32mI (81) esp_image: segment 0: paddr=00010020 vaddr=3f400020 size=0c7d8h ( 51160) map[0m
[0;32mI (106) esp_image: segment 1: paddr=0001c800 vaddr=3ff80000 size=0001ch (    28) load[0m
[0;32mI (106) esp_image: segment 2: paddr=0001c824 vaddr=3ffb0000 size=02754h ( 10068) load[0m
[0;32mI (113) esp_image: segment 3: paddr=0001ef80 vaddr=40080000 size=01098h (  4248) load[0m
[0;32mI (119) esp_image: segment 4: paddr=00020020 vaddr=400d0020 size=19578h (103800) map[0m
[0;32mI (160) esp_image: segment 5: paddr=000395a0 vaddr=40081098 size=0ca28h ( 51752) load[0m
[0;32mI (187) boot: Loaded app from partition at offset 0x10000[0m
[0;32mI (187) boot: Disabling RNG early entropy source...[0m
[0;32mI (198) cpu_start: Multicore app[0m
[0;32mI (206) cpu_start: Pro cpu start user code[0m
[0;32mI (206) cpu_start: cpu freq: 160000000 Hz[0m
[0;32mI (206) app_init: Application information:[0m
[0;32mI (206) app_init: Project name:     PROVE-ESPOSIMETRO-MIO[0m
[0;32mI (211) app_init: App version:      v5.5-dev-2182-ga6c3a9cbbb-dirty[0m
[0;32mI (217) app_init: Compile time:     Apr  9 2025 17:32:13[0m
[0;32mI (223) app_init: ELF file SHA256:  58d5ae9cd...[0m
[0;32mI (227) app_init: ESP-IDF:          v5.5-dev-2182-ga6c3a9cbbb-dirty[0m
[0;32mI (233) efuse_init: Min chip rev:     v0.0[0m
[0;32mI (237) efuse_init: Max chip rev:     v3.99 [0m
[0;32mI (241) efuse_init: Chip rev:         v3.1[0m
[0;32mI (245) heap_init: Initializing. RAM available for dynamic allocation:[0m
[0;32mI (251) heap_init: At 3FFAE6E0 len 00001920 (6 KiB): DRAM[0m
[0;32mI (256) heap_init: At 3FFB3050 len 0002CFB0 (179 KiB): DRAM[0m
[0;32mI (261) heap_init: At 3FFE0440 len 00003AE0 (14 KiB): D/IRAM[0m
[0;32mI (267) heap_init: At 3FFE4350 len 0001BCB0 (111 KiB): D/IRAM[0m
[0;32mI (272) heap_init: At 4008DAC0 len 00012540 (73 KiB): IRAM[0m
[0;32mI (279) spi_flash: detected chip: generic[0m
[0;32mI (281) spi_flash: flash io: dio[0m
[0;33mW (284) spi_flash: Detected size(4096k) larger than the size in the binary image header(2048k). Using the size in the binary image header.[0m
[1;31mE (296) i2c: CONFLICT! driver_ng is not allowed to be used with this old driver[0m

abort() was called at PC 0x400dbff0 on core 0


Backtrace: 0x40081875:0x3ffe3b30 0x40085ef9:0x3ffe3b50 0x4008bea5:0x3ffe3b70 0x400dbff0:0x3ffe3be0 0x400d1d87:0x3ffe3c00 0x400d1e6e:0x3ffe3c20 0x400813ee:0x3ffe3c40 0x40079776:0x3ffe3c90 |<-CORRUPTED




ELF file SHA256: 58d5ae9cd

Rebooting...
ets Jul 29 2019 12:21:46

rst:0xc (SW_CPU_RESET),boot:0x13 (SPI_FAST_FLASH_BOOT)
configsip: 0, SPIWP:0xee
clk_drv:0x00,q_drv:0x00,d_drv:0x00,cs0_drv:0x00,hd_drv:0x00,wp_drv:0x00
mode:DIO, clock div:2
load:0x3fff0030,len:6368
load:0x40078000,len:15880
load:0x40080400,len:3860
entry 0x40080638
[0;32mI (27) boot: ESP-IDF v5.5-dev-2182-ga6c3a9cbbb-dirty 2nd stage bootloader[0m
[0;32mI (27) boot: compile time Apr  7 2025 00:07:11[0m
[0;32mI (27) boot: Multicore bootloader[0m
[0;32mI (31) boot: chip revision: v3.1[0m
[0;32mI (34) boot.esp32: SPI Speed      : 40MHz[0m
[0;32mI (37) boot.esp32: SPI Mode       : DIO[0m
[0;32mI (41) boot.esp32: SPI Flash Size : 2MB[0m
[0;32mI (45) boot: Enabling RNG early entropy source...[0m
[0;32mI (49) boot: Partition Table:[0m
[0;32mI (52) boot: ## Label            Usage          Type ST Offset   Length[0m
[0;32mI (58) boot:  0 nvs              WiFi data        01 02 00009000 00006000[0m
[0;32mI (64) boot:  1 phy_init         RF data          01 01 0000f000 00001000[0m
[0;32mI (71) boot:  2 factory          factory app      00 00 00010000 00100000[0m
[0;32mI (78) boot: End of partition table[0m
[0;32mI (81) esp_image: segment 0: paddr=00010020 vaddr=3f400020 size=0c7d8h ( 51160) map[0m
[0;32mI (106) esp_image: segment 1: paddr=0001c800 vaddr=3ff80000 size=0001ch (    28) load[0m
[0;32mI (106) esp_image: segment 2: paddr=0001c824 vaddr=3ffb0000 size=02754h ( 10068) load[0m
[0;32mI (113) esp_image: segment 3: paddr=0001ef80 vaddr=40080000 size=01098h (  4248) load[0m
[0;32mI (119) esp_image: segment 4: paddr=00020020 vaddr=400d0020 size=19578h (103800) map[0m
[0;32mI (160) esp_image: segment 5: paddr=000395a0 vaddr=40081098 size=0ca28h ( 51752) load[0m
[0;32mI (187) boot: Loaded app from partition at offset 0x10000[0m
[0;32mI (187) boot: Disabling RNG early entropy source...[0m
[0;32mI (198) cpu_start: Multicore app[0m
[0;32mI (206) cpu_start: Pro cpu start user code[0m
[0;32mI (206) cpu_start: cpu freq: 160000000 Hz[0m
[0;32mI (206) app_init: Application information:[0m
[0;32mI (206) app_init: Project name:     PROVE-ESPOSIMETRO-MIO[0m
[0;32mI (211) app_init: App version:      v5.5-dev-2182-ga6c3a9cbbb-dirty[0m
[0;32mI (217) app_init: Compile time:     Apr  9 2025 17:32:13[0m
[0;32mI (223) app_init: ELF file SHA256:  58d5ae9cd...[0m
[0;32mI (227) app_init: ESP-IDF:          v5.5-dev-2182-ga6c3a9cbbb-dirty[0m
[0;32mI (233) efuse_init: Min chip rev:     v0.0[0m
[0;32mI (237) efuse_init: Max chip rev:     v3.99 [0m
[0;32mI (241) efuse_init: Chip rev:         v3.1[0m
[0;32mI (245) heap_init: Initializing. RAM available for dynamic allocation:[0m
[0;32mI (251) heap_init: At 3FFAE6E0 len 00001920 (6 KiB): DRAM[0m
[0;32mI (256) heap_init: At 3FFB3050 len 0002CFB0 (179 KiB): DRAM[0m
[0;32mI (261) heap_init: At 3FFE0440 len 00003AE0 (14 KiB): D/IRAM[0m
[0;32mI (267) heap_init: At 3FFE4350 len 0001BCB0 (111 KiB): D/IRAM[0m
[0;32mI (272) heap_init: At 4008DAC0 len 00012540 (73 KiB): IRAM[0m
[0;32mI (279) spi_flash: detected chip: generic[0m
[0;32mI (281) spi_flash: flash io: dio[0m
[0;33mW (284) spi_flash: Detected size(4096k) larger than the size in the binary image header(2048k). Using the size in the binary image header.[0m
[1;31mE (296) i2c: CONFLICT! driver_ng is not allowed to be used with this old driver[0m

abort() was called at PC 0x400dbff0 on core 0


Backtrace: 0x40081875:0x3ffe3b30 0x40085ef9:0x3ffe3b50 0x4008bea5:0x3ffe3b70 0x400dbff0:0x3ffe3be0 0x400d1d87:0x3ffe3c00 0x400d1e6e:0x3ffe3c20 0x400813ee:0x3ffe3c40 0x40079776:0x3ffe3c90 |<-CORRUPTED




ELF file SHA256: 58d5ae9cd

Rebooting...
ets Jul 29 2019 12:21:46

rst:0xc (SW_CPU_RESET),boot:0x13 (SPI_FAST_FLASH_BOOT)
configsip: 0, SPIWP:0xee
clk_drv:0x00,q_drv:0x00,d_drv:0x00,cs0_drv:0x00,hd_drv:0x00,wp_drv:0x00
mode:DIO, clock div:2
load:0x3fff0030,len:6368
load:0x40078000,len:15880
load:0x40080400,len:3860
entry 0x40080638
[0;32mI (27) boot: ESP-IDF v5.5-dev-2182-ga6c3a9cbbb-dirty 2nd stage bootloader[0m
[0;32mI (27) boot: compile time Apr  7 2025 00:07:11[0m
[0;32mI (27) boot: Multicore bootloader[0m
[0;32mI (31) boot: chip revision: v3.1[0m
[0;32mI (34) boot.esp32: SPI Speed      : 40MHz[0m
[0;32mI (37) boot.esp32: SPI Mode       : DIO[0m
[0;32mI (41) boot.esp32: SPI Flash Size : 2MB[0m
[0;32mI (45) boot: Enabling RNG early entropy source...[0m
[0;32mI (49) boot: Partition Table:[0m
[0;32mI (52) boot: ## Label            Usage          Type ST Offset   Length[0m
[0;32mI (58) boot:  0 nvs              WiFi data        01 02 00009000 00006000[0m
[0;32mI (64) boot:  1 phy_init         RF data          01 01 0000f000 00001000[0m
[0;32mI (71) boot:  2 factory          factory app      00 00 00010000 00100000[0m
[0;32mI (78) boot: End of partition table[0m
[0;32mI (81) esp_image: segment 0: paddr=00010020 vaddr=3f400020 size=0c7d8h ( 51160) map[0m
[0;32mI (106) esp_image: segment 1: paddr=0001c800 vaddr=3ff80000 size=0001ch (    28) load[0m
[0;32mI (106) esp_image: segment 2: paddr=0001c824 vaddr=3ffb0000 size=02754h ( 10068) load[0m
[0;32mI (113) esp_image: segment 3: paddr=0001ef80 vaddr=40080000 size=01098h (  4248) load[0m
[0;32mI (119) esp_image: segment 4: paddr=00020020 vaddr=400d0020 size=19578h (103800) map[0m
[0;32mI (160) esp_image: segment 5: paddr=000395a0 vaddr=40081098 size=0ca28h ( 51752) load[0m
[0;32mI (187) boot: Loaded app from partition at offset 0x10000[0m
[0;32mI (187) boot: Disabling RNG early entropy source...[0m
[0;32mI (198) cpu_start: Multicore app[0m
[0;32mI (206) cpu_start: Pro cpu start user code[0m
[0;32mI (206) cpu_start: cpu freq: 160000000 Hz[0m
[0;32mI (206) app_init: Application information:[0m
[0;32mI (206) app_init: Project name:     PROVE-ESPOSIMETRO-MIO[0m
[0;32mI (211) app_init: App version:      v5.5-dev-2182-ga6c3a9cbbb-dirty[0m
[0;32mI (217) app_init: Compile time:     Apr  9 2025 17:32:13[0m
[0;32mI (223) app_init: ELF file SHA256:  58d5ae9cd...[0m
[0;32mI (227) app_init: ESP-IDF:          v5.5-dev-2182-ga6c3a9cbbb-dirty[0m
[0;32mI (233) efuse_init: Min chip rev:     v0.0[0m
[0;32mI (237) efuse_init: Max chip rev:     v3.99 [0m
[0;32mI (241) efuse_init: Chip rev:         v3.1[0m
[0;32mI (245) heap_init: Initializing. RAM available for dynamic allocation:[0m
[0;32mI (251) heap_init: At 3FFAE6E0 len 00001920 (6 KiB): DRAM[0m
[0;32mI (256) heap_init: At 3FFB3050 len 0002CFB0 (179 KiB): DRAM[0m
[0;32mI (261) heap_init: At 3FFE0440 len 00003AE0 (14 KiB): D/IRAM[0m
[0;32mI (267) heap_init: At 3FFE4350 len 0001BCB0 (111 KiB): D/IRAM[0m
[0;32mI (272) heap_init: At 4008DAC0 len 00012540 (73 KiB): IRAM[0m
[0;32mI (279) spi_flash: detected chip: generic[0m
[0;32mI (281) spi_flash: flash io: dio[0m
[0;33mW (284) spi_flash: Detected size(4096k) larger than the size in the binary image header(2048k). Using the size in the binary image header.[0m
[1;31mE (296) i2c: CONFLICT! driver_ng is not allowed to be used with this old driver[0m

abort() was called at PC 0x400dbff0 on core 0


Backtrace: 0x40081875:0x3ffe3b30 0x40085ef9:0x3ffe3b50 0x4008bea5:0x3ffe3b70 0x400dbff0:0x3ffe3be0 0x400d1d87:0x3ffe3c00 0x400d1e6e:0x3ffe3c20 0x400813ee:0x3ffe3c40 0x40079776:0x3ffe3c90 |<-CORRUPTED




ELF file SHA256: 58d5ae9cd

Rebooting...
ets Jul 29 2019 12:21:46

rst:0xc (SW_CPU_RESET),boot:0x13 (SPI_FAST_FLASH_BOOT)
configsip: 0, SPIWP:0xee
clk_drv:0x00,q_drv:0x00,d_drv:0x00,cs0_drv:0x00,hd_drv:0x00,wp_drv:0x00
mode:DIO, clock div:2
load:0x3fff0030,len:6368
load:0x40078000,len:15880
load:0x40080400,len:3860
entry 0x40080638
[0;32mI (27) boot: ESP-IDF v5.5-dev-2182-ga6c3a9cbbb-dirty 2nd stage bootloader[0m
[0;32mI (27) boot: compile time Apr  7 2025 00:07:11[0m
[0;32mI (27) boot: Multicore bootloader[0m
[0;32mI (31) boot: chip revision: v3.1[0m
[0;32mI (34) boot.esp32: SPI Speed      : 40MHz[0m
[0;32mI (37) boot.esp32: SPI Mode       : DIO[0m
[0;32mI (41) boot.esp32: SPI Flash Size : 2MB[0m
[0;32mI (45) boot: Enabling RNG early entropy source...[0m
[0;32mI (49) boot: Partition Table:[0m
[0;32mI (52) boot: ## Label            Usage          Type ST Offset   Length[0m
[0;32mI (58) boot:  0 nvs              WiFi data        01 02 00009000 00006000[0m
[0;32mI (64) boot:  1 phy_init         RF data          01 01 0000f000 00001000[0m
[0;32mI (71) boot:  2 factory          factory app      00 00 00010000 00100000[0m
[0;32mI (78) boot: End of partition table[0m
[0;32mI (81) esp_image: segment 0: paddr=00010020 vaddr=3f400020 size=0c7d8h ( 51160) map[0m
[0;32mI (106) esp_image: segment 1: paddr=0001c800 vaddr=3ff80000 size=0001ch (    28) load[0m
[0;32mI (106) esp_image: segment 2: paddr=0001c824 vaddr=3ffb0000 size=02754h ( 10068) load[0m
[0;32mI (113) esp_image: segment 3: paddr=0001ef80 vaddr=40080000 size=01098h (  4248) load[0m
[0;32mI (119) esp_image: segment 4: paddr=00020020 vaddr=400d0020 size=19578h (103800) map[0m
[0;32mI (160) esp_image: segment 5: paddr=000395a0 vaddr=40081098 size=0ca28h ( 51752) load[0m
[0;32mI (187) boot: Loaded app from partition at offset 0x10000[0m
[0;32mI (187) boot: Disabling RNG early entropy source...[0m
[0;32mI (198) cpu_start: Multicore app[0m
[0;32mI (206) cpu_start: Pro cpu start user code[0m
[0;32mI (206) cpu_start: cpu freq: 160000000 Hz[0m
[0;32mI (206) app_init: Application information:[0m
[0;32mI (206) app_init: Project name:     PROVE-ESPOSIMETRO-MIO[0m
[0;32mI (211) app_init: App version:      v5.5-dev-2182-ga6c3a9cbbb-dirty[0m
[0;32mI (217) app_init: Compile time:     Apr  9 2025 17:32:13[0m
[0;32mI (223) app_init: ELF file SHA256:  58d5ae9cd...[0m
[0;32mI (227) app_init: ESP-IDF:          v5.5-dev-2182-ga6c3a9cbbb-dirty[0m
[0;32mI (233) efuse_init: Min chip rev:     v0.0[0m
[0;32mI (237) efuse_init: Max chip rev:     v3.99 [0m
[0;32mI (241) efuse_init: Chip rev:         v3.1[0m
[0;32mI (245) heap_init: Initializing. RAM available for dynamic allocation:[0m
[0;32mI (251) heap_init: At 3FFAE6E0 len 00001920 (6 KiB): DRAM[0m
[0;32mI (256) heap_init: At 3FFB3050 len 0002CFB0 (179 KiB): DRAM[0m
[0;32mI (261) heap_init: At 3FFE0440 len 00003AE0 (14 KiB): D/IRAM[0m
[0;32mI (267) heap_init: At 3FFE4350 len 0001BCB0 (111 KiB): D/IRAM[0m
[0;32mI (272) heap_init: At 4008DAC0 len 00012540 (73 KiB): IRAM[0m
[0;32mI (279) spi_flash: detected chip: generic[0m
[0;32mI (281) spi_flash: flash io: dio[0m
[0;33mW (284) spi_flash: Detected size(4096k) larger than the size in the binary image header(2048k). Using the size in the binary image header.[0m
[1;31mE (296) i2c: CONFLICT! driver_ng is not allowed to be used with this old driver[0m

abort() was called at PC 0x400dbff0 on core 0


Backtrace: 0x40081875:0x3ffe3b30 0x40085ef9:0x3ffe3b50 0x4008bea5:0x3ffe3b70 0x400dbff0:0x3ffe3be0 0x400d1d87:0x3ffe3c00 0x400d1e6e:0x3ffe3c20 0x400813ee:0x3ffe3c40 0x40079776:0x3ffe3c90 |<-CORRUPTED




ELF file SHA256: 58d5ae9cd

Rebooting...
ets Jul 29 2019 12:21:46

rst:0xc (SW_CPU_RESET),boot:0x13 (SPI_FAST_FLASH_BOOT)
configsip: 0, SPIWP:0xee
clk_drv:0x00,q_drv:0x00,d_drv:0x00,cs0_drv:0x00,hd_drv:0x00,wp_drv:0x00
mode:DIO, clock div:2
load:0x3fff0030,len:6368
load:0x40078000,len:15880
load:0x40080400,len:3860
entry 0x40080638
[0;32mI (27) boot: ESP-IDF v5.5-dev-2182-ga6c3a9cbbb-dirty 2nd stage bootloader[0m
[0;32mI (27) boot: compile time Apr  7 2025 00:07:11[0m
[0;32mI (27) boot: Multicore bootloader[0m
[0;32mI (31) boot: chip revision: v3.1[0m
[0;32mI (34) boot.esp32: SPI Speed      : 40MHz[0m
[0;32mI (37) boot.esp32: SPI Mode       : DIO[0m
[0;32mI (41) boot.esp32: SPI Flash Size : 2MB[0m
[0;32mI (45) boot: Enabling RNG early entropy source...[0m
[0;32mI (49) boot: Partition Table:[0m
[0;32mI (52) boot: ## Label            Usage          Type ST Offset   Length[0m
[0;32mI (58) boot:  0 nvs              WiFi data        01 02 00009000 00006000[0m
[0;32mI (64) boot:  1 phy_init         RF data          01 01 0000f000 00001000[0m
[0;32mI (71) boot:  2 factory          factory app      00 00 00010000 00100000[0m
[0;32mI (78) boot: End of partition table[0m
[0;32mI (81) esp_image: segment 0: paddr=00010020 vaddr=3f400020 size=0c7d8h ( 51160) map[0m
[0;32mI (106) esp_image: segment 1: paddr=0001c800 vaddr=3ff80000 size=0001ch (    28) load[0m
[0;32mI (106) esp_image: segment 2: paddr=0001c824 vaddr=3ffb0000 size=02754h ( 10068) load[0m
[0;32mI (113) esp_image: segment 3: paddr=0001ef80 vaddr=40080000 size=01098h (  4248) load[0m
[0;32mI (119) esp_image: segment 4: paddr=00020020 vaddr=400d0020 size=19578h (103800) map[0m
[0;32mI (160) esp_image: segment 5: paddr=000395a0 vaddr=40081098 size=0ca28h ( 51752) load[0m
[0;32mI (187) boot: Loaded app from partition at offset 0x10000[0m
[0;32mI (187) boot: Disabling RNG early entropy source...[0m
[0;32mI (198) cpu_start: Multicore app[0m
[0;32mI (206) cpu_start: Pro cpu start user code[0m
[0;32mI (206) cpu_start: cpu freq: 160000000 Hz[0m
[0;32mI (206) app_init: Application information:[0m
[0;32mI (206) app_init: Project name:     PROVE-ESPOSIMETRO-MIO[0m
[0;32mI (211) app_init: App version:      v5.5-dev-2182-ga6c3a9cbbb-dirty[0m
[0;32mI (217) app_init: Compile time:     Apr  9 2025 17:32:13[0m
[0;32mI (223) app_init: ELF file SHA256:  58d5ae9cd...[0m
[0;32mI (227) app_init: ESP-IDF:          v5.5-dev-2182-ga6c3a9cbbb-dirty[0m
[0;32mI (233) efuse_init: Min chip rev:     v0.0[0m
[0;32mI (237) efuse_init: Max chip rev:     v3.99 [0m
[0;32mI (241) efuse_init: Chip rev:         v3.1[0m
[0;32mI (245) heap_init: Initializing. RAM available for dynamic allocation:[0m
[0;32mI (251) heap_init: At 3FFAE6E0 len 00001920 (6 KiB): DRAM[0m
[0;32mI (256) heap_init: At 3FFB3050 len 0002CFB0 (179 KiB): DRAM[0m
[0;32mI (261) heap_init: At 3FFE0440 len 00003AE0 (14 KiB): D/IRAM[0m
[0;32mI (267) heap_init: At 3FFE4350 len 0001BCB0 (111 KiB): D/IRAM[0m
[0;32mI (272) heap_init: At 4008DAC0 len 00012540 (73 KiB): IRAM[0m
[0;32mI (279) spi_flash: detected chip: generic[0m
[0;32mI (281) spi_flash: flash io: dio[0m
[0;33mW (284) spi_flash: Detected size(4096k) larger than the size in the binary image header(2048k). Using the size in the binary image header.[0m
[1;31mE (296) i2c: CONFLICT! driver_ng is not allowed to be used with this old driver[0m

abort() was called at PC 0x400dbff0 on core 0


Backtrace: 0x40081875:0x3ffe3b30 0x40085ef9:0x3ffe3b50 0x4008bea5:0x3ffe3b70 0x400dbff0:0x3ffe3be0 0x400d1d87:0x3ffe3c00 0x400d1e6e:0x3ffe3c20 0x400813ee:0x3ffe3c40 0x40079776:0x3ffe3c90 |<-CORRUPTED




ELF file SHA256: 58d5ae9cd

Rebooting...
ets Jul 29 2019 12:21:46

rst:0xc (SW_CPU_RESET),boot:0x13 (SPI_FAST_FLASH_BOOT)
configsip: 0, SPIWP:0xee
clk_drv:0x00,q_drv:0x00,d_drv:0x00,cs0_drv:0x00,hd_drv:0x00,wp_drv:0x00
mode:DIO, clock div:2
load:0x3fff0030,len:6368
load:0x40078000,len:15880
load:0x40080400,len:3860
entry 0x40080638
[0;32mI (27) boot: ESP-IDF v5.5-dev-2182-ga6c3a9cbbb-dirty 2nd stage bootloader[0m
[0;32mI (27) boot: compile time Apr  7 2025 00:07:11[0m
[0;32mI (27) boot: Multicore bootloader[0m
[0;32mI (31) boot: chip revision: v3.1[0m
[0;32mI (34) boot.esp32: SPI Speed      : 40MHz[0m
[0;32mI (37) boot.esp32: SPI Mode       : DIO[0m
[0;32mI (41) boot.esp32: SPI Flash Size : 2MB[0m
[0;32mI (45) boot: Enabling RNG early entropy source...[0m
[0;32mI (49) boot: Partition Table:[0m
[0;32mI (52) boot: ## Label            Usage          Type ST Offset   Length[0m
[0;32mI (58) boot:  0 nvs              WiFi data        01 02 00009000 00006000[0m
[0;32mI (64) boot:  1 phy_init         RF data          01 01 0000f000 00001000[0m
[0;32mI (71) boot:  2 factory          factory app      00 00 00010000 00100000[0m
[0;32mI (78) boot: End of partition table[0m
[0;32mI (81) esp_image: segment 0: paddr=00010020 vaddr=3f400020 size=0c7d8h ( 51160) map[0m
[0;32mI (106) esp_image: segment 1: paddr=0001c800 vaddr=3ff80000 size=0001ch (    28) load[0m
[0;32mI (106) esp_image: segment 2: paddr=0001c824 vaddr=3ffb0000 size=02754h ( 10068) load[0m
[0;32mI (113) esp_image: segment 3: paddr=0001ef80 vaddr=40080000 size=01098h (  4248) load[0m
[0;32mI (119) esp_image: segment 4: paddr=00020020 vaddr=400d0020 size=19578h (103800) map[0m
[0;32mI (160) esp_image: segment 5: paddr=000395a0 vaddr=40081098 size=0ca28h ( 51752) load[0m
[0;32mI (187) boot: Loaded app from partition at offset 0x10000[0m
[0;32mI (187) boot: Disabling RNG early entropy source...[0m
[0;32mI (198) cpu_start: Multicore app[0m
[0;32mI (206) cpu_start: Pro cpu start user code[0m
[0;32mI (206) cpu_start: cpu freq: 160000000 Hz[0m
[0;32mI (206) app_init: Application information:[0m
[0;32mI (206) app_init: Project name:     PROVE-ESPOSIMETRO-MIO[0m
[0;32mI (211) app_init: App version:      v5.5-dev-2182-ga6c3a9cbbb-dirty[0m
[0;32mI (217) app_init: Compile time:     Apr  9 2025 17:32:13[0m
[0;32mI (223) app_init: ELF file SHA256:  58d5ae9cd...[0m
[0;32mI (227) app_init: ESP-IDF:          v5.5-dev-2182-ga6c3a9cbbb-dirty[0m
[0;32mI (233) efuse_init: Min chip rev:     v0.0[0m
[0;32mI (237) efuse_init: Max chip rev:     v3.99 [0m
[0;32mI (241) efuse_init: Chip rev:         v3.1[0m
[0;32mI (245) heap_init: Initializing. RAM available for dynamic allocation:[0m
[0;32mI (251) heap_init: At 3FFAE6E0 len 00001920 (6 KiB): DRAM[0m
[0;32mI (256) heap_init: At 3FFB3050 len 0002CFB0 (179 KiB): DRAM[0m
[0;32mI (261) heap_init: At 3FFE0440 len 00003AE0 (14 KiB): D/IRAM[0m
[0;32mI (267) heap_init: At 3FFE4350 len 0001BCB0 (111 KiB): D/IRAM[0m
[0;32mI (272) heap_init: At 4008DAC0 len 00012540 (73 KiB): IRAM[0m
[0;32mI (279) spi_flash: detected chip: generic[0m
I (281) spi_flash: flash io: dio
[0;33mW (284) spi_flash: Detected size(4096k) larger than the size in the binary image header(2048k). Using the size in the binary image header.[0m
[1;31mE (296) i2c: CONFLICT! driver_ng is not allowed to be used with this old driver[0m

abort() was called at PC 0x400dbff0 on core 0


Backtrace: 0x40081875:0x3ffe3b30 0x40085ef9:0x3ffe3b50 0x4008bea5:0x3ffe3b70 0x400dbff0:0x3ffe3be0 0x400d1d87:0x3ffe3c00 0x400d1e6e:0x3ffe3c20 0x400813ee:0x3ffe3c40 0x40079776:0x3ffe3c90 |<-CORRUPTED




ELF file SHA256: 58d5ae9cd

Rebooting...
ets Jul 29 2019 12:21:46

rst:0xc (SW_CPU_RESET),boot:0x13 (SPI_FAST_FLASH_BOOT)
configsip: 0, SPIWP:0xee
clk_drv:0x00,q_drv:0x00,d_drv:0x00,cs0_drv:0x00,hd_drv:0x00,wp_drv:0x00
mode:DIO, clock div:2
load:0x3fff0030,len:6368
load:0x40078000,len:15880
load:0x40080400,len:3860
entry 0x40080638
[0;32mI (27) boot: ESP-IDF v5.5-dev-2182-ga6c3a9cbbb-dirty 2nd stage bootloader[0m
[0;32mI (27) boot: compile time Apr  7 2025 00:07:11[0m
[0;32mI (27) boot: Multicore bootloader[0m
[0;32mI (31) boot: chip revision: v3.1[0m
[0;32mI (34) boot.esp32: SPI Speed      : 40MHz[0m
[0;32mI (37) boot.esp32: SPI Mode       : DIO[0m
[0;32mI (41) boot.esp32: SPI Flash Size : 2MB[0m
[0;32mI (45) boot: Enabling RNG early entropy source...[0m
[0;32mI (49) boot: Partition Table:[0m
[0;32mI (52) boot: ## Label            Usage          Type ST Offset   Length[0m
[0;32mI (58) boot:  0 nvs              WiFi data        01 02 00009000 00006000[0m
[0;32mI (64) boot:  1 phy_init         RF data          01 01 0000f000 00001000[0m
[0;32mI (71) boot:  2 factory          factory app      00 00 00010000 00100000[0m
[0;32mI (78) boot: End of partition table[0m
[0;32mI (81) esp_image: segment 0: paddr=00010020 vaddr=3f400020 size=0c7d8h ( 51160) map[0m
[0;32mI (106) esp_image: segment 1: paddr=0001c800 vaddr=3ff80000 size=0001ch (    28) load[0m
[0;32mI (106) esp_image: segment 2: paddr=0001c824 vaddr=3ffb0000 size=02754h ( 10068) load[0m
[0;32mI (113) esp_image: segment 3: paddr=0001ef80 vaddr=40080000 size=01098h (  4248) load[0m
[0;32mI (119) esp_image: segment 4: paddr=00020020 vaddr=400d0020 size=19578h (103800) map[0m
[0;32mI (160) esp_image: segment 5: paddr=000395a0 vaddr=40081098 size=0ca28h ( 51752) load[0m
[0;32mI (187) boot: Loaded app from partition at offset 0x10000[0m
[0;32mI (187) boot: Disabling RNG early entropy source...[0m
[0;32mI (198) cpu_start: Multicore app[0m
[0;32mI (206) cpu_start: Pro cpu start user code[0m
[0;32mI (206) cpu_start: cpu freq: 160000000 Hz[0m
[0;32mI (206) app_init: Application information:[0m
[0;32mI (206) app_init: Project name:     PROVE-ESPOSIMETRO-MIO[0m
[0;32mI (211) app_init: App version:      v5.5-dev-2182-ga6c3a9cbbb-dirty[0m
[0;32mI (217) app_init: Compile time:     Apr  9 2025 17:32:13[0m
[0;32mI (223) app_init: ELF file SHA256:  58d5ae9cd...[0m
[0;32mI (227) app_init: ESP-IDF:          v5.5-dev-2182-ga6c3a9cbbb-dirty[0m
[0;32mI (233) efuse_init: Min chip rev:     v0.0[0m
[0;32mI (237) efuse_init: Max chip rev:     v3.99 [0m
[0;32mI (241) efuse_init: Chip rev:         v3.1[0m
[0;32mI (245) heap_init: Initializing. RAM available for dynamic allocation:[0m
[0;32mI (251) heap_init: At 3FFAE6E0 len 00001920 (6 KiB): DRAM[0m
[0;32mI (256) heap_init: At 3FFB3050 len 0002CFB0 (179 KiB): DRAM[0m
[0;32mI (261) heap_init: At 3FFE0440 len 00003AE0 (14 KiB): D/IRAM[0m
[0;32mI (267) heap_init: At 3FFE4350 len 0001BCB0 (111 KiB): D/IRAM[0m
[0;32mI (272) heap_init: At 4008DAC0 len 00012540 (73 KiB): IRAM[0m
[0;32mI (279) spi_flash: detected chip: generic[0m
[0;32mI (281) spi_flash: flash io: dio[0m
[0;33mW (284) spi_flash: Detected size(4096k) larger than the size in the binary image header(2048k). Using the size in the binary image header.[0m
[1;31mE (296) i2c: CONFLICT! driver_ng is not allowed to be used with this old driver[0m

abort() was called at PC 0x400dbff0 on core 0


Backtrace: 0x40081875:0x3ffe3b30 0x40085ef9:0x3ffe3b50 0x4008bea5:0x3ffe3b70 0x400dbff0:0x3ffe3be0 0x400d1d87:0x3ffe3c00 0x400d1e6e:0x3ffe3c20 0x400813ee:0x3ffe3c40 0x40079776:0x3ffe3c90 |<-CORRUPTED




ELF file SHA256: 58d5ae9cd

Rebooting...
ets Jul 29 2019 12:21:46

rst:0xc (SW_CPU_RESET),boot:0x13 (SPI_FAST_FLASH_BOOT)
configsip: 0, SPIWP:0xee
clk_drv:0x00,q_drv:0x00,d_drv:0x00,cs0_drv:0x00,hd_drv:0x00,wp_drv:0x00
mode:DIO, clock div:2
load:0x3fff0030,len:6368
load:0x40078000,len:15880
load:0x40080400,len:3860
entry 0x40080638
I (27) boot: ESP-IDF v5.5-dev-2182-ga6c3a9cbbb-dirty 2nd stage bootloader
[0;32mI (27) boot: compile time Apr  7 2025 00:07:11[0m
[0;32mI (27) boot: Multicore bootloader[0m
[0;32mI (31) boot: chip revision: v3.1[0m
[0;32mI (34) boot.esp32: SPI Speed      : 40MHz[0m
[0;32mI (37) boot.esp32: SPI Mode       : DIO[0m
[0;32mI (41) boot.esp32: SPI Flash Size : 2MB[0m
[0;32mI (45) boot: Enabling RNG early entropy source...[0m
[0;32mI (49) boot: Partition Table:[0m
[0;32mI (52) boot: ## Label            Usage          Type ST Offset   Length[0m
[0;32mI (58) boot:  0 nvs              WiFi data        01 02 00009000 00006000[0m
[0;32mI (64) boot:  1 phy_init         RF data          01 01 0000f000 00001000[0m
[0;32mI (71) boot:  2 factory          factory app      00 00 00010000 00100000[0m
[0;32mI (78) boot: End of partition table[0m
[0;32mI (81) esp_image: segment 0: paddr=00010020 vaddr=3f400020 size=0c7d8h ( 51160) map[0m
[0;32mI (106) esp_image: segment 1: paddr=0001c800 vaddr=3ff80000 size=0001ch (    28) load[0m
[0;32mI (106) esp_image: segment 2: paddr=0001c824 vaddr=3ffb0000 size=02754h ( 10068) load[0m
[0;32mI (113) esp_image: segment 3: paddr=0001ef80 vaddr=40080000 size=01098h (  4248) load[0m
[0;32mI (119) esp_image: segment 4: paddr=00020020 vaddr=400d0020 size=19578h (103800) map[0m
[0;32mI (160) esp_image: segment 5: paddr=000395a0 vaddr=40081098 size=0ca28h ( 51752) load[0m
[0;32mI (187) boot: Loaded app from partition at offset 0x10000[0m
[0;32mI (187) boot: Disabling RNG early entropy source...[0m
[0;32mI (198) cpu_start: Multicore app[0m
[0;32mI (206) cpu_start: Pro cpu start user code[0m
[0;32mI (206) cpu_start: cpu freq: 160000000 Hz[0m
[0;32mI (206) app_init: Application information:[0m
[0;32mI (206) app_init: Project name:     PROVE-ESPOSIMETRO-MIO[0m
[0;32mI (211) app_init: App version:      v5.5-dev-2182-ga6c3a9cbbb-dirty[0m
[0;32mI (217) app_init: Compile time:     Apr  9 2025 17:32:13[0m
[0;32mI (223) app_init: ELF file SHA256:  58d5ae9cd...[0m
[0;32mI (227) app_init: ESP-IDF:          v5.5-dev-2182-ga6c3a9cbbb-dirty[0m
[0;32mI (233) efuse_init: Min chip rev:     v0.0[0m
[0;32mI (237) efuse_init: Max chip rev:     v3.99 [0m
[0;32mI (241) efuse_init: Chip rev:         v3.1[0m
[0;32mI (245) heap_init: Initializing. RAM available for dynamic allocation:[0m
[0;32mI (251) heap_init: At 3FFAE6E0 len 00001920 (6 KiB): DRAM[0m
[0;32mI (256) heap_init: At 3FFB3050 len 0002CFB0 (179 KiB): DRAM[0m
[0;32mI (261) heap_init: At 3FFE0440 len 00003AE0 (14 KiB): D/IRAM[0m
[0;32mI (267) heap_init: At 3FFE4350 len 0001BCB0 (111 KiB): D/IRAM[0m
[0;32mI (272) heap_init: At 4008DAC0 len 00012540 (73 KiB): IRAM[0m
[0;32mI (279) spi_flash: detected chip: generic[0m
[0;32mI (281) spi_flash: flash io: dio[0m
[0;33mW (284) spi_flash: Detected size(4096k) larger than the size in the binary image header(2048k). Using the size in the binary image header.[0m
[1;31mE (296) i2c: CONFLICT! driver_ng is not allowed to be used with this old driver[0m

abort() was called at PC 0x400dbff0 on core 0


Backtrace: 0x40081875:0x3ffe3b30 0x40085ef9:0x3ffe3b50 0x4008bea5:0x3ffe3b70 0x400dbff0:0x3ffe3be0 0x400d1d87:0x3ffe3c00 0x400d1e6e:0x3ffe3c20 0x400813ee:0x3ffe3c40 0x40079776:0x3ffe3c90 |<-CORRUPTED




ELF file SHA256: 58d5ae9cd

Rebooting...
ets Jul 29 2019 12:21:46

rst:0xc (SW_CPU_RESET),boot:0x13 (SPI_FAST_FLASH_BOOT)
configsip: 0, SPIWP:0xee
clk_drv:0x00,q_drv:0x00,d_drv:0x00,cs0_drv:0x00,hd_drv:0x00,wp_drv:0x00
mode:DIO, clock div:2
load:0x3fff0030,len:6368
load:0x40078000,len:15880
load:0x40080400,len:3860
entry 0x40080638
[0;32mI (27) boot: ESP-IDF v5.5-dev-2182-ga6c3a9cbbb-dirty 2nd stage bootloader[0m
[0;32mI (27) boot: compile time Apr  7 2025 00:07:11[0m
[0;32mI (27) boot: Multicore bootloader[0m
[0;32mI (31) boot: chip revision: v3.1[0m
[0;32mI (34) boot.esp32: SPI Speed      : 40MHz[0m
[0;32mI (37) boot.esp32: SPI Mode       : DIO[0m
[0;32mI (41) boot.esp32: SPI Flash Size : 2MB[0m
[0;32mI (45) boot: Enabling RNG early entropy source...[0m
[0;32mI (49) boot: Partition Table:[0m
[0;32mI (52) boot: ## Label            Usage          Type ST Offset   Length[0m
[0;32mI (58) boot:  0 nvs              WiFi data        01 02 00009000 00006000[0m
[0;32mI (64) boot:  1 phy_init         RF data          01 01 0000f000 00001000[0m
[0;32mI (71) boot:  2 factory          factory app      00 00 00010000 00100000[0m
[0;32mI (78) boot: End of partition table[0m
[0;32mI (81) esp_image: segment 0: paddr=00010020 vaddr=3f400020 size=0c7d8h ( 51160) map[0m
[0;32mI (106) esp_image: segment 1: paddr=0001c800 vaddr=3ff80000 size=0001ch (    28) load[0m
[0;32mI (106) esp_image: segment 2: paddr=0001c824 vaddr=3ffb0000 size=02754h ( 10068) load[0m
[0;32mI (113) esp_image: segment 3: paddr=0001ef80 vaddr=40080000 size=01098h (  4248) load[0m
[0;32mI (119) esp_image: segment 4: paddr=00020020 vaddr=400d0020 size=19578h (103800) map[0m
[0;32mI (160) esp_image: segment 5: paddr=000395a0 vaddr=40081098 size=0ca28h ( 51752) load[0m
[0;32mI (187) boot: Loaded app from partition at offset 0x10000[0m
[0;32mI (187) boot: Disabling RNG early entropy source...[0m
[0;32mI (198) cpu_start: Multicore app[0m
[0;32mI (206) cpu_start: Pro cpu start user code[0m
[0;32mI (206) cpu_start: cpu freq: 160000000 Hz[0m
[0;32mI (206) app_init: Application information:[0m
[0;32mI (206) app_init: Project name:     PROVE-ESPOSIMETRO-MIO[0m
[0;32mI (211) app_init: App version:      v5.5-dev-2182-ga6c3a9cbbb-dirty[0m
[0;32mI (217) app_init: Compile time:     Apr  9 2025 17:32:13[0m
[0;32mI (223) app_init: ELF file SHA256:  58d5ae9cd...[0m
[0;32mI (227) app_init: ESP-IDF:          v5.5-dev-2182-ga6c3a9cbbb-dirty[0m
[0;32mI (233) efuse_init: Min chip rev:     v0.0[0m
[0;32mI (237) efuse_init: Max chip rev:     v3.99 [0m
[0;32mI (241) efuse_init: Chip rev:         v3.1[0m
[0;32mI (245) heap_init: Initializing. RAM available for dynamic allocation:[0m
[0;32mI (251) heap_init: At 3FFAE6E0 len 00001920 (6 KiB): DRAM[0m
[0;32mI (256) heap_init: At 3FFB3050 len 0002CFB0 (179 KiB): DRAM[0m
[0;32mI (261) heap_init: At 3FFE0440 len 00003AE0 (14 KiB): D/IRAM[0m
[0;32mI (267) heap_init: At 3FFE4350 len 0001BCB0 (111 KiB): D/IRAM[0m
[0;32mI (272) heap_init: At 4008DAC0 len 00012540 (73 KiB): IRAM[0m
[0;32mI (279) spi_flash: detected chip: generic[0m
[0;32mI (281) spi_flash: flash io: dio[0m
[0;33mW (284) spi_flash: Detected size(4096k) larger than the size in the binary image header(2048k). Using the size in the binary image header.[0m
[1;31mE (296) i2c: CONFLICT! driver_ng is not allowed to be used with this old driver[0m

abort() was called at PC 0x400dbff0 on core 0


Backtrace: 0x40081875:0x3ffe3b30 0x40085ef9:0x3ffe3b50 0x4008bea5:0x3ffe3b70 0x400dbff0:0x3ffe3be0 0x400d1d87:0x3ffe3c00 0x400d1e6e:0x3ffe3c20 0x400813ee:0x3ffe3c40 0x40079776:0x3ffe3c90 |<-CORRUPTED




ELF file SHA256: 58d5ae9cd

Rebooting...
ets Jul 29 2019 12:21:46

rst:0xc (SW_CPU_RESET),boot:0x13 (SPI_FAST_FLASH_BOOT)
configsip: 0, SPIWP:0xee
clk_drv:0x00,q_drv:0x00,d_drv:0x00,cs0_drv:0x00,hd_drv:0x00,wp_drv:0x00
mode:DIO, clock div:2
load:0x3fff0030,len:6368
load:0x40078000,len:15880
load:0x40080400,len:3860
entry 0x40080638
[0;32mI (27) boot: ESP-IDF v5.5-dev-2182-ga6c3a9cbbb-dirty 2nd stage bootloader[0m
[0;32mI (27) boot: compile time Apr  7 2025 00:07:11[0m
[0;32mI (27) boot: Multicore bootloader[0m
[0;32mI (31) boot: chip revision: v3.1[0m
[0;32mI (34) boot.esp32: SPI Speed      : 40MHz[0m
[0;32mI (37) boot.esp32: SPI Mode       : DIO[0m
[0;32mI (41) boot.esp32: SPI Flash Size : 2MB[0m
[0;32mI (45) boot: Enabling RNG early entropy source...[0m
[0;32mI (49) boot: Partition Table:[0m
[0;32mI (52) boot: ## Label            Usage          Type ST Offset   Length[0m
[0;32mI (58) boot:  0 nvs              WiFi data        01 02 00009000 00006000[0m
[0;32mI (64) boot:  1 phy_init         RF data          01 01 0000f000 00001000[0m
[0;32mI (71) boot:  2 factory          factory app      00 00 00010000 00100000[0m
[0;32mI (78) boot: End of partition table[0m
[0;32mI (81) esp_image: segment 0: paddr=00010020 vaddr=3f400020 size=0c7d8h ( 51160) map[0m
[0;32mI (106) esp_image: segment 1: paddr=0001c800 vaddr=3ff80000 size=0001ch (    28) load[0m
[0;32mI (106) esp_image: segment 2: paddr=0001c824 vaddr=3ffb0000 size=02754h ( 10068) load[0m
[0;32mI (113) esp_image: segment 3: paddr=0001ef80 vaddr=40080000 size=01098h (  4248) load[0m
[0;32mI (119) esp_image: segment 4: paddr=00020020 vaddr=400d0020 size=19578h (103800) map[0m
[0;32mI (160) esp_image: segment 5: paddr=000395a0 vaddr=40081098 size=0ca28h ( 51752) load[0m
[0;32mI (187) boot: Loaded app from partition at offset 0x10000[0m
[0;32mI (187) boot: Disabling RNG early entropy source...[0m
[0;32mI (198) cpu_start: Multicore app[0m
[0;32mI (206) cpu_start: Pro cpu start user code[0m
[0;32mI (206) cpu_start: cpu freq: 160000000 Hz[0m
[0;32mI (206) app_init: Application information:[0m
[0;32mI (206) app_init: Project name:     PROVE-ESPOSIMETRO-MIO[0m
[0;32mI (211) app_init: App version:      v5.5-dev-2182-ga6c3a9cbbb-dirty[0m
[0;32mI (217) app_init: Compile time:     Apr  9 2025 17:32:13[0m
[0;32mI (223) app_init: ELF file SHA256:  58d5ae9cd...[0m
[0;32mI (227) app_init: ESP-IDF:          v5.5-dev-2182-ga6c3a9cbbb-dirty[0m
[0;32mI (233) efuse_init: Min chip rev:     v0.0[0m
[0;32mI (237) efuse_init: Max chip rev:     v3.99 [0m
[0;32mI (241) efuse_init: Chip rev:         v3.1[0m
[0;32mI (245) heap_init: Initializing. RAM available for dynamic allocation:[0m
[0;32mI (251) heap_init: At 3FFAE6E0 len 00001920 (6 KiB): DRAM[0m
[0;32mI (256) heap_init: At 3FFB3050 len 0002CFB0 (179 KiB): DRAM[0m
[0;32mI (261) heap_init: At 3FFE0440 len 00003AE0 (14 KiB): D/IRAM[0m
[0;32mI (267) heap_init: At 3FFE4350 len 0001BCB0 (111 KiB): D/IRAM[0m
[0;32mI (272) heap_init: At 4008DAC0 len 00012540 (73 KiB): IRAM[0m
[0;32mI (279) spi_flash: detected chip: generic[0m
[0;32mI (281) spi_flash: flash io: dio[0m
[0;33mW (284) spi_flash: Detected size(4096k) larger than the size in the binary image header(2048k). Using the size in the binary image header.[0m
[1;31mE (296) i2c: CONFLICT! driver_ng is not allowed to be used with this old driver[0m

abort() was called at PC 0x400dbff0 on core 0


Backtrace: 0x40081875:0x3ffe3b30 0x40085ef9:0x3ffe3b50 0x4008bea5:0x3ffe3b70 0x400dbff0:0x3ffe3be0 0x400d1d87:0x3ffe3c00 0x400d1e6e:0x3ffe3c20 0x400813ee:0x3ffe3c40 0x40079776:0x3ffe3c90 |<-CORRUPTED




ELF file SHA256: 58d5ae9cd

Rebooting...
ets Jul 29 2019 12:21:46

rst:0xc (SW_CPU_RESET),boot:0x13 (SPI_FAST_FLASH_BOOT)
configsip: 0, SPIWP:0xee
clk_drv:0x00,q_drv:0x00,d_drv:0x00,cs0_drv:0x00,hd_drv:0x00,wp_drv:0x00
mode:DIO, clock div:2
load:0x3fff0030,len:6368
load:0x40078000,len:15880
load:0x40080400,len:3860
entry 0x40080638
[0;32mI (27) boot: ESP-IDF v5.5-dev-2182-ga6c3a9cbbb-dirty 2nd stage bootloader[0m
[0;32mI (27) boot: compile time Apr  7 2025 00:07:11[0m
[0;32mI (27) boot: Multicore bootloader[0m
[0;32mI (31) boot: chip revision: v3.1[0m
[0;32mI (34) boot.esp32: SPI Speed      : 40MHz[0m
[0;32mI (37) boot.esp32: SPI Mode       : DIO[0m
[0;32mI (41) boot.esp32: SPI Flash Size : 2MB[0m
[0;32mI (45) boot: Enabling RNG early entropy source...[0m
[0;32mI (49) boot: Partition Table:[0m
[0;32mI (52) boot: ## Label            Usage          Type ST Offset   Length[0m
[0;32mI (58) boot:  0 nvs              WiFi data        01 02 00009000 00006000[0m
[0;32mI (64) boot:  1 phy_init         RF data          01 01 0000f000 00001000[0m
[0;32mI (71) boot:  2 factory          factory app      00 00 00010000 00100000[0m
[0;32mI (78) boot: End of partition table[0m
[0;32mI (81) esp_image: segment 0: paddr=00010020 vaddr=3f400020 size=0c7d8h ( 51160) map[0m
[0;32mI (106) esp_image: segment 1: paddr=0001c800 vaddr=3ff80000 size=0001ch (    28) load[0m
[0;32mI (106) esp_image: segment 2: paddr=0001c824 vaddr=3ffb0000 size=02754h ( 10068) load[0m
[0;32mI (113) esp_image: segment 3: paddr=0001ef80 vaddr=40080000 size=01098h (  4248) load[0m
[0;32mI (119) esp_image: segment 4: paddr=00020020 vaddr=400d0020 size=19578h (103800) map[0m
[0;32mI (160) esp_image: segment 5: paddr=000395a0 vaddr=40081098 size=0ca28h ( 51752) load[0m
[0;32mI (187) boot: Loaded app from partition at offset 0x10000[0m
[0;32mI (187) boot: Disabling RNG early entropy source...[0m
[0;32mI (198) cpu_start: Multicore app[0m
[0;32mI (206) cpu_start: Pro cpu start user code[0m
[0;32mI (206) cpu_start: cpu freq: 160000000 Hz[0m
[0;32mI (206) app_init: Application information:[0m
[0;32mI (206) app_init: Project name:     PROVE-ESPOSIMETRO-MIO[0m
[0;32mI (211) app_init: App version:      v5.5-dev-2182-ga6c3a9cbbb-dirty[0m
[0;32mI (217) app_init: Compile time:     Apr  9 2025 17:32:13[0m
[0;32mI (223) app_init: ELF file SHA256:  58d5ae9cd...[0m
[0;32mI (227) app_init: ESP-IDF:          v5.5-dev-2182-ga6c3a9cbbb-dirty[0m
[0;32mI (233) efuse_init: Min chip rev:     v0.0[0m
[0;32mI (237) efuse_init: Max chip rev:     v3.99 [0m
[0;32mI (241) efuse_init: Chip rev:         v3.1[0m
[0;32mI (245) heap_init: Initializing. RAM available for dynamic allocation:[0m
[0;32mI (251) heap_init: At 3FFAE6E0 len 00001920 (6 KiB): DRAM[0m
[0;32mI (256) heap_init: At 3FFB3050 len 0002CFB0 (179 KiB): DRAM[0m
[0;32mI (261) heap_init: At 3FFE0440 len 00003AE0 (14 KiB): D/IRAM[0m
[0;32mI (267) heap_init: At 3FFE4350 len 0001BCB0 (111 KiB): D/IRAM[0m
[0;32mI (272) heap_init: At 4008DAC0 len 00012540 (73 KiB): IRAM[0m
[0;32mI (279) spi_flash: detected chip: generic[0m
[0;32mI (281) spi_flash: flash io: dio[0m
[0;33mW (284) spi_flash: Detected size(4096k) larger than the size in the binary image header(2048k). Using the size in the binary image header.[0m
[1;31mE (296) i2c: CONFLICT! driver_ng is not allowed to be used with this old driver[0m

abort() was called at PC 0x400dbff0 on core 0


Backtrace: 0x40081875:0x3ffe3b30 0x40085ef9:0x3ffe3b50 0x4008bea5:0x3ffe3b70 0x400dbff0:0x3ffe3be0 0x400d1d87:0x3ffe3c00 0x400d1e6e:0x3ffe3c20 0x400813ee:0x3ffe3c40 0x40079776:0x3ffe3c90 |<-CORRUPTED




ELF file SHA256: 58d5ae9cd

Rebooting...
ets Jul 29 2019 12:21:46

rst:0xc (SW_CPU_RESET),boot:0x13 (SPI_FAST_FLASH_BOOT)
configsip: 0, SPIWP:0xee
clk_drv:0x00,q_drv:0x00,d_drv:0x00,cs0_drv:0x00,hd_drv:0x00,wp_drv:0x00
mode:DIO, clock div:2
load:0x3fff0030,len:6368
load:0x40078000,len:15880
load:0x40080400,len:3860
entry 0x40080638
[0;32mI (27) boot: ESP-IDF v5.5-dev-2182-ga6c3a9cbbb-dirty 2nd stage bootloader[0m
[0;32mI (27) boot: compile time Apr  7 2025 00:07:11[0m
[0;32mI (27) boot: Multicore bootloader[0m
[0;32mI (31) boot: chip revision: v3.1[0m
[0;32mI (34) boot.esp32: SPI Speed      : 40MHz[0m
[0;32mI (37) boot.esp32: SPI Mode       : DIO[0m
[0;32mI (41) boot.esp32: SPI Flash Size : 2MB[0m
[0;32mI (45) boot: Enabling RNG early entropy source...[0m
[0;32mI (49) boot: Partition Table:[0m
[0;32mI (52) boot: ## Label            Usage          Type ST Offset   Length[0m
[0;32mI (58) boot:  0 nvs              WiFi data        01 02 00009000 00006000[0m
[0;32mI (64) boot:  1 phy_init         RF data          01 01 0000f000 00001000[0m
[0;32mI (71) boot:  2 factory          factory app      00 00 00010000 00100000[0m
[0;32mI (78) boot: End of partition table[0m
[0;32mI (81) esp_image: segment 0: paddr=00010020 vaddr=3f400020 size=0c7d8h ( 51160) map[0m
[0;32mI (106) esp_image: segment 1: paddr=0001c800 vaddr=3ff80000 size=0001ch (    28) load[0m
[0;32mI (106) esp_image: segment 2: paddr=0001c824 vaddr=3ffb0000 size=02754h ( 10068) load[0m
[0;32mI (113) esp_image: segment 3: paddr=0001ef80 vaddr=40080000 size=01098h (  4248) load[0m
[0;32mI (119) esp_image: segment 4: paddr=00020020 vaddr=400d0020 size=19578h (103800) map[0m
[0;32mI (160) esp_image: segment 5: paddr=000395a0 vaddr=40081098 size=0ca28h ( 51752) load[0m
[0;32mI (187) boot: Loaded app from partition at offset 0x10000[0m
[0;32mI (187) boot: Disabling RNG early entropy source...[0m
[0;32mI (198) cpu_start: Multicore app[0m
[0;32mI (206) cpu_start: Pro cpu start user code[0m
[0;32mI (206) cpu_start: cpu freq: 160000000 Hz[0m
[0;32mI (206) app_init: Application information:[0m
[0;32mI (206) app_init: Project name:     PROVE-ESPOSIMETRO-MIO[0m
[0;32mI (211) app_init: App version:      v5.5-dev-2182-ga6c3a9cbbb-dirty[0m
[0;32mI (217) app_init: Compile time:     Apr  9 2025 17:32:13[0m
[0;32mI (223) app_init: ELF file SHA256:  58d5ae9cd...[0m
[0;32mI (227) app_init: ESP-IDF:          v5.5-dev-2182-ga6c3a9cbbb-dirty[0m
[0;32mI (233) efuse_init: Min chip rev:     v0.0[0m
[0;32mI (237) efuse_init: Max chip rev:     v3.99 [0m
[0;32mI (241) efuse_init: Chip rev:         v3.1[0m
[0;32mI (245) heap_init: Initializing. RAM available for dynamic allocation:[0m
[0;32mI (251) heap_init: At 3FFAE6E0 len 00001920 (6 KiB): DRAM[0m
[0;32mI (256) heap_init: At 3FFB3050 len 0002CFB0 (179 KiB): DRAM[0m
[0;32mI (261) heap_init: At 3FFE0440 len 00003AE0 (14 KiB): D/IRAM[0m
[0;32mI (267) heap_init: At 3FFE4350 len 0001BCB0 (111 KiB): D/IRAM[0m
[0;32mI (272) heap_init: At 4008DAC0 len 00012540 (73 KiB): IRAM[0m
[0;32mI (279) spi_flash: detected chip: generic[0m
[0;32mI (281) spi_flash: flash io: dio[0m
[0;33mW (284) spi_flash: Detected size(4096k) larger than the size in the binary image header(2048k). Using the size in the binary image header.[0m
[1;31mE (296) i2c: CONFLICT! driver_ng is not allowed to be used with this old driver[0m

abort() was called at PC 0x400dbff0 on core 0


Backtrace: 0x40081875:0x3ffe3b30 0x40085ef9:0x3ffe3b50 0x4008bea5:0x3ffe3b70 0x400dbff0:0x3ffe3be0 0x400d1d87:0x3ffe3c00 0x400d1e6e:0x3ffe3c20 0x400813ee:0x3ffe3c40 0x40079776:0x3ffe3c90 |<-CORRUPTED




ELF file SHA256: 58d5ae9cd

Rebooting...
ets Jul 29 2019 12:21:46

rst:0xc (SW_CPU_RESET),boot:0x13 (SPI_FAST_FLASH_BOOT)
configsip: 0, SPIWP:0xee
clk_drv:0x00,q_drv:0x00,d_drv:0x00,cs0_drv:0x00,hd_drv:0x00,wp_drv:0x00
mode:DIO, clock div:2
load:0x3fff0030,len:6368
load:0x40078000,len:15880
load:0x40080400,len:3860
entry 0x40080638
[0;32mI (27) boot: ESP-IDF v5.5-dev-2182-ga6c3a9cbbb-dirty 2nd stage bootloader[0m
[0;32mI (27) boot: compile time Apr  7 2025 00:07:11[0m
[0;32mI (27) boot: Multicore bootloader[0m
[0;32mI (31) boot: chip revision: v3.1[0m
[0;32mI (34) boot.esp32: SPI Speed      : 40MHz[0m
[0;32mI (37) boot.esp32: SPI Mode       : DIO[0m
[0;32mI (41) boot.esp32: SPI Flash Size : 2MB[0m
[0;32mI (45) boot: Enabling RNG early entropy source...[0m
[0;32mI (49) boot: Partition Table:[0m
[0;32mI (52) boot: ## Label            Usage          Type ST Offset   Length[0m
[0;32mI (58) boot:  0 nvs              WiFi data        01 02 00009000 00006000[0m
[0;32mI (64) boot:  1 phy_init         RF data          01 01 0000f000 00001000[0m
[0;32mI (71) boot:  2 factory          factory app      00 00 00010000 00100000[0m
[0;32mI (78) boot: End of partition table[0m
[0;32mI (81) esp_image: segment 0: paddr=00010020 vaddr=3f400020 size=0c7d8h ( 51160) map[0m
[0;32mI (106) esp_image: segment 1: paddr=0001c800 vaddr=3ff80000 size=0001ch (    28) load[0m
[0;32mI (106) esp_image: segment 2: paddr=0001c824 vaddr=3ffb0000 size=02754h ( 10068) load[0m
[0;32mI (113) esp_image: segment 3: paddr=0001ef80 vaddr=40080000 size=01098h (  4248) load[0m
[0;32mI (119) esp_image: segment 4: paddr=00020020 vaddr=400d0020 size=19578h (103800) map[0m
[0;32mI (160) esp_image: segment 5: paddr=000395a0 vaddr=40081098 size=0ca28h ( 51752) load[0m
[0;32mI (187) boot: Loaded app from partition at offset 0x10000[0m
[0;32mI (187) boot: Disabling RNG early entropy source...[0m
[0;32mI (198) cpu_start: Multicore app[0m
[0;32mI (206) cpu_start: Pro cpu start user code[0m
[0;32mI (206) cpu_start: cpu freq: 160000000 Hz[0m
[0;32mI (206) app_init: Application information:[0m
[0;32mI (206) app_init: Project name:     PROVE-ESPOSIMETRO-MIO[0m
[0;32mI (211) app_init: App version:      v5.5-dev-2182-ga6c3a9cbbb-dirty[0m
[0;32mI (217) app_init: Compile time:     Apr  9 2025 17:32:13[0m
[0;32mI (223) app_init: ELF file SHA256:  58d5ae9cd...[0m
[0;32mI (227) app_init: ESP-IDF:          v5.5-dev-2182-ga6c3a9cbbb-dirty[0m
[0;32mI (233) efuse_init: Min chip rev:     v0.0[0m
[0;32mI (237) efuse_init: Max chip rev:     v3.99 [0m
[0;32mI (241) efuse_init: Chip rev:         v3.1[0m
[0;32mI (245) heap_init: Initializing. RAM available for dynamic allocation:[0m
[0;32mI (251) heap_init: At 3FFAE6E0 len 00001920 (6 KiB): DRAM[0m
[0;32mI (256) heap_init: At 3FFB3050 len 0002CFB0 (179 KiB): DRAM[0m
[0;32mI (261) heap_init: At 3FFE0440 len 00003AE0 (14 KiB): D/IRAM[0m
[0;32mI (267) heap_init: At 3FFE4350 len 0001BCB0 (111 KiB): D/IRAM[0m
[0;32mI (272) heap_init: At 4008DAC0 len 00012540 (73 KiB): IRAM[0m
[0;32mI (279) spi_flash: detected chip: generic[0m
[0;32mI (281) spi_flash: flash io: dio[0m
[0;33mW (284) spi_flash: Detected size(4096k) larger than the size in the binary image header(2048k). Using the size in the binary image header.[0m
[1;31mE (296) i2c: CONFLICT! driver_ng is not allowed to be used with this old driver[0m

abort() was called at PC 0x400dbff0 on core 0


Backtrace: 0x40081875:0x3ffe3b30 0x40085ef9:0x3ffe3b50 0x4008bea5:0x3ffe3b70 0x400dbff0:0x3ffe3be0 0x400d1d87:0x3ffe3c00 0x400d1e6e:0x3ffe3c20 0x400813ee:0x3ffe3c40 0x40079776:0x3ffe3c90 |<-CORRUPTED




ELF file SHA256: 58d5ae9cd

Rebooting...
ets Jul 29 2019 12:21:46

rst:0xc (SW_CPU_RESET),boot:0x13 (SPI_FAST_FLASH_BOOT)
configsip: 0, SPIWP:0xee
clk_drv:0x00,q_drv:0x00,d_drv:0x00,cs0_drv:0x00,hd_drv:0x00,wp_drv:0x00
mode:DIO, clock div:2
load:0x3fff0030,len:6368
load:0x40078000,len:15880
load:0x40080400,len:3860
entry 0x40080638
[0;32mI (27) boot: ESP-IDF v5.5-dev-2182-ga6c3a9cbbb-dirty 2nd stage bootloader[0m
[0;32mI (27) boot: compile time Apr  7 2025 00:07:11[0m
[0;32mI (27) boot: Multicore bootloader[0m
[0;32mI (31) boot: chip revision: v3.1[0m
[0;32mI (34) boot.esp32: SPI Speed      : 40MHz[0m
[0;32mI (37) boot.esp32: SPI Mode       : DIO[0m
[0;32mI (41) boot.esp32: SPI Flash Size : 2MB[0m
[0;32mI (45) boot: Enabling RNG early entropy source...[0m
[0;32mI (49) boot: Partition Table:[0m
[0;32mI (52) boot: ## Label            Usage          Type ST Offset   Length[0m
[0;32mI (58) boot:  0 nvs              WiFi data        01 02 00009000 00006000[0m
[0;32mI (64) boot:  1 phy_init         RF data          01 01 0000f000 00001000[0m
[0;32mI (71) boot:  2 factory          factory app      00 00 00010000 00100000[0m
[0;32mI (78) boot: End of partition table[0m
[0;32mI (81) esp_image: segment 0: paddr=00010020 vaddr=3f400020 size=0c7d8h ( 51160) map[0m
[0;32mI (106) esp_image: segment 1: paddr=0001c800 vaddr=3ff80000 size=0001ch (    28) load[0m
[0;32mI (106) esp_image: segment 2: paddr=0001c824 vaddr=3ffb0000 size=02754h ( 10068) load[0m
[0;32mI (113) esp_image: segment 3: paddr=0001ef80 vaddr=40080000 size=01098h (  4248) load[0m
[0;32mI (119) esp_image: segment 4: paddr=00020020 vaddr=400d0020 size=19578h (103800) map[0m
[0;32mI (160) esp_image: segment 5: paddr=000395a0 vaddr=40081098 size=0ca28h ( 51752) load[0m
[0;32mI (187) boot: Loaded app from partition at offset 0x10000[0m
[0;32mI (187) boot: Disabling RNG early entropy source...[0m
[0;32mI (198) cpu_start: Multicore app[0m
[0;32mI (206) cpu_start: Pro cpu start user code[0m
[0;32mI (206) cpu_start: cpu freq: 160000000 Hz[0m
[0;32mI (206) app_init: Application information:[0m
[0;32mI (206) app_init: Project name:     PROVE-ESPOSIMETRO-MIO[0m
